 quadcopter_sim_sfun

 Timestamp is 5463655d (Wed Nov 12 11:49:17 2014)

 Preferred load address is 0000000180000000

 Start         Length     Name                   Class
 0001:00000000 00034674H .text                   CODE
 0001:00034680 00000092H .text$x                 CODE
 0002:00000000 00000448H .idata$5                DATA
 0002:00000448 00000008H .CRT$XCA                DATA
 0002:00000450 00000008H .CRT$XCZ                DATA
 0002:00000458 00000008H .CRT$XIA                DATA
 0002:00000460 00000008H .CRT$XIAA               DATA
 0002:00000468 00000008H .CRT$XIZ                DATA
 0002:00000470 00004aacH .rdata                  DATA
 0002:00004f20 00000008H .rtc$IAA                DATA
 0002:00004f28 00000008H .rtc$IZZ                DATA
 0002:00004f30 00000008H .rtc$TAA                DATA
 0002:00004f38 00000008H .rtc$TZZ                DATA
 0002:00004f40 00003f9cH .xdata                  DATA
 0002:00008edc 0000008cH .idata$2                DATA
 0002:00008f68 00000014H .idata$3                DATA
 0002:00008f80 00000448H .idata$4                DATA
 0002:000093c8 000009c2H .idata$6                DATA
 0002:00009d90 00000059H .edata                  DATA
 0003:00000000 00001478H .data                   DATA
 0003:00001480 00002678H .bss                    DATA
 0004:00000000 00003024H .pdata                  DATA

  Address         Publics by Value              Rva+Base               Lib:Object

 0000:00000000       ___safe_se_handler_count   0000000000000000     <absolute>
 0000:00000000       ___safe_se_handler_table   0000000000000000     <absolute>
 0000:00000000       __ImageBase                0000000180000000     <linker-defined>
 0001:00000000       sf_c2_quadcopter_sim_get_eml_resolved_functions_info 0000000180001000 f   c2_quadcopter_sim.obj
 0001:00000080       sf_c2_quadcopter_sim_get_check_sum 0000000180001080 f   c2_quadcopter_sim.obj
 0001:00000100       sf_c2_quadcopter_sim_get_autoinheritance_info 0000000180001100 f   c2_quadcopter_sim.obj
 0001:00000590       sf_internal_get_sim_state_c2_quadcopter_sim 0000000180001590 f   c2_quadcopter_sim.obj
 0001:000008d0       sf_internal_set_sim_state_c2_quadcopter_sim 00000001800018d0 f   c2_quadcopter_sim.obj
 0001:00000cc0       c2_quadcopter_sim_method_dispatcher 0000000180001cc0 f   c2_quadcopter_sim.obj
 0001:000022a0       sf_process_check_sum_call  00000001800032a0 f   quadcopter_sim_sfun_registry.obj
 0001:000022f0       sf_process_autoinheritance_call 00000001800032f0 f   quadcopter_sim_sfun_registry.obj
 0001:00002470       sf_process_get_eml_resolved_functions_info_call 0000000180003470 f   quadcopter_sim_sfun_registry.obj
 0001:000025f0       sf_mex_unlock_call         00000001800035f0 f   quadcopter_sim_sfun_registry.obj
 0001:000026a0       sf_machine_global_initializer_called 00000001800036a0 f   quadcopter_sim_sfun_registry.obj
 0001:000026d0       sf_machine_global_method_dispatcher 00000001800036d0 f   quadcopter_sim_sfun_registry.obj
 0001:00002730       sf_machine_global_terminator 0000000180003730 f   quadcopter_sim_sfun_registry.obj
 0001:00002770       sf_register_machine_exported_symbols 0000000180003770 f   quadcopter_sim_sfun_registry.obj
 0001:00002790       callCustomFcn              0000000180003790 f   quadcopter_sim_sfun_registry.obj
 0001:000027a0       sf_machine_global_initializer 00000001800037a0 f   quadcopter_sim_sfun_registry.obj
 0001:00002810       _ssSetStateAbsTol          0000000180003810 f   quadcopter_sim_sfun_registry.obj
 0001:000028f0       _ssGetAbsTol               00000001800038f0 f   quadcopter_sim_sfun_registry.obj
 0001:00002960       _ssSetInputPortMatrixDimensions 0000000180003960 f   quadcopter_sim_sfun_registry.obj
 0001:00002a70       _ssSetOutputPortMatrixDimensions 0000000180003a70 f   quadcopter_sim_sfun_registry.obj
 0001:00002b80       _ssSetInputPortVectorDimension 0000000180003b80 f   quadcopter_sim_sfun_registry.obj
 0001:00002c50       _ssSetOutputPortVectorDimension 0000000180003c50 f   quadcopter_sim_sfun_registry.obj
 0001:00002d20       ssIsRunTimeParamTunable    0000000180003d20 f   quadcopter_sim_sfun_registry.obj
 0001:00002d90       ssGetSFuncBlockHandle      0000000180003d90 f   quadcopter_sim_sfun_registry.obj
 0001:00002e00       _ssGetCurrentInputPortWidth 0000000180003e00 f   quadcopter_sim_sfun_registry.obj
 0001:00002f20       _ssGetCurrentOutputPortWidth 0000000180003f20 f   quadcopter_sim_sfun_registry.obj
 0001:00003040       _ssGetCallSystemNumFcnCallDestinations 0000000180004040 f   quadcopter_sim_sfun_registry.obj
 0001:000030b0       ssWarning                  00000001800040b0 f   quadcopter_sim_sfun_registry.obj
 0001:000031c0       ssGetIsZeroCrossControlDisabled 00000001800041c0 f   quadcopter_sim_sfun_registry.obj
 0001:00003230       ssSetIsInputPortUsedForContZcSignal 0000000180004230 f   quadcopter_sim_sfun_registry.obj
 0001:000032a0       ssSetZcSignalIsZcElementDisc 00000001800042a0 f   quadcopter_sim_sfun_registry.obj
 0001:00003350       ssSetZcSignalName          0000000180004350 f   quadcopter_sim_sfun_registry.obj
 0001:000033c0       ssSetZcSignalWidth         00000001800043c0 f   quadcopter_sim_sfun_registry.obj
 0001:00003430       ssSetZcSignalZcEventType   0000000180004430 f   quadcopter_sim_sfun_registry.obj
 0001:000034a0       ssSetZcSignalType          00000001800044a0 f   quadcopter_sim_sfun_registry.obj
 0001:00003510       ssSetZcSignalZcTol         0000000180004510 f   quadcopter_sim_sfun_registry.obj
 0001:00003580       ssSetZcSignalNeedsEventNotification 0000000180004580 f   quadcopter_sim_sfun_registry.obj
 0001:000035f0       ssCreateAndAddZcSignalInfo 00000001800045f0 f   quadcopter_sim_sfun_registry.obj
 0001:00003660       ssCloneAndAddZcSignalInfo  0000000180004660 f   quadcopter_sim_sfun_registry.obj
 0001:000036d0       ssGetNumZcSignals          00000001800046d0 f   quadcopter_sim_sfun_registry.obj
 0001:00003740       ssGetZcSignalVector        0000000180004740 f   quadcopter_sim_sfun_registry.obj
 0001:000037b0       ssGetZcSignalZcEvents      00000001800047b0 f   quadcopter_sim_sfun_registry.obj
 0001:00003820       ssGetZcSignalName          0000000180004820 f   quadcopter_sim_sfun_registry.obj
 0001:00003890       ssGetZcSignalWidth         0000000180004890 f   quadcopter_sim_sfun_registry.obj
 0001:00003900       ssGetZcSignalZcEventType   0000000180004900 f   quadcopter_sim_sfun_registry.obj
 0001:00003970       ssGetZcSignalType          0000000180004970 f   quadcopter_sim_sfun_registry.obj
 0001:000039e0       ssGetZcSignalZcTol         00000001800049e0 f   quadcopter_sim_sfun_registry.obj
 0001:00003a60       ssGetZcSignalNeedsEventNotification 0000000180004a60 f   quadcopter_sim_sfun_registry.obj
 0001:00003ad0       ssGetZcSignalIsZcElementDisc 0000000180004ad0 f   quadcopter_sim_sfun_registry.obj
 0001:00003b70       ssGetIsInputPortElementContinuous 0000000180004b70 f   quadcopter_sim_sfun_registry.obj
 0001:00003c10       _ssGetInputPortSignalPtrsFcn 0000000180004c10 f   quadcopter_sim_sfun_registry.obj
 0001:00003ed0       _ssGetInputPortSignalFcn   0000000180004ed0 f   quadcopter_sim_sfun_registry.obj
 0001:000040f0       _ssSetInputPortDirectFeedThroughFcn 00000001800050f0 f   quadcopter_sim_sfun_registry.obj
 0001:00004250       _ssSetInputPortReusableFcn 0000000180005250 f   quadcopter_sim_sfun_registry.obj
 0001:00004340       _ssSetOutputPortReusableFcn 0000000180005340 f   quadcopter_sim_sfun_registry.obj
 0001:00004420       ssGetDTypeIdFromMxArray    0000000180005420 f   quadcopter_sim_sfun_registry.obj
 0001:00004540       ssWriteRTWStr              0000000180005540 f   quadcopter_sim_sfun_registry.obj
 0001:000045a0       ssWriteRTWMxVectParam      00000001800055a0 f   quadcopter_sim_sfun_registry.obj
 0001:00004600       ssWriteRTWMx2dMatParam     0000000180005600 f   quadcopter_sim_sfun_registry.obj
 0001:00004680       ssWriteRTWNameValuePair    0000000180005680 f   quadcopter_sim_sfun_registry.obj
 0001:00004b70       ssWriteRTWParameters       0000000180005b70 f   quadcopter_sim_sfun_registry.obj
 0001:00005170       ssWriteRTWParamSettings    0000000180006170 f   quadcopter_sim_sfun_registry.obj
 0001:00005840       ssWriteRTWWorkVect         0000000180006840 f   quadcopter_sim_sfun_registry.obj
 0001:00005d40       mexFunction                0000000180006d40 f   quadcopter_sim_sfun_registry.obj
 0001:00007980       ProcessMexSfunctionEveryCall 0000000180008980 f   quadcopter_sim_sfun_registry.obj
 0001:00007af0       quadcopter_sim_initializer 0000000180008af0 f   quadcopter_sim_sfun.obj
 0001:00007b00       quadcopter_sim_terminator  0000000180008b00 f   quadcopter_sim_sfun.obj
 0001:00007b10       sf_quadcopter_sim_method_dispatcher 0000000180008b10 f   quadcopter_sim_sfun.obj
 0001:00007b60       sf_quadcopter_sim_process_check_sum_call 0000000180008b60 f   quadcopter_sim_sfun.obj
 0001:00007f70       sf_quadcopter_sim_autoinheritance_info 0000000180008f70 f   quadcopter_sim_sfun.obj
 0001:00008070       sf_quadcopter_sim_get_eml_resolved_functions_info 0000000180009070 f   quadcopter_sim_sfun.obj
 0001:000081a0       quadcopter_sim_debug_initialize 00000001800091a0 f   quadcopter_sim_sfun.obj
 0001:00008210       quadcopter_sim_register_exported_symbols 0000000180009210 f   quadcopter_sim_sfun.obj
 0001:000082c0       sf_mex_mx_is_numeric       00000001800092c0 f   sfc_mex:sfc_mex.obj
 0001:00008300       strcmp_ignore_ws           0000000180009300 f   sfc_mex:sfc_mex.obj
 0001:00008440       sf_mex_duplicatearraysafe  0000000180009440 f   sfc_mex:sfc_mex.obj
 0001:000085a0       sf_set_error_debugger_context_message_fcn 00000001800095a0 f   sfc_mex:sfc_mex.obj
 0001:000085b0       sf_set_debugger_matlab_error_fcn 00000001800095b0 f   sfc_mex:sfc_mex.obj
 0001:000085e0       sf_set_error_prefix_string 00000001800095e0 f   sfc_mex:sfc_mex.obj
 0001:00008610       sf_get_error_prefix_string 0000000180009610 f   sfc_mex:sfc_mex.obj
 0001:00008620       sf_get_current_jmp_buf_ptr 0000000180009620 f   sfc_mex:sfc_mex.obj
 0001:00008630       sf_set_current_jmp_buf_ptr 0000000180009630 f   sfc_mex:sfc_mex.obj
 0001:00008640       sf_mex_set_halt_simulation 0000000180009640 f   sfc_mex:sfc_mex.obj
 0001:00008650       sf_mex_get_halt_simulation 0000000180009650 f   sfc_mex:sfc_mex.obj
 0001:00008660       sf_mex_clear_error_message 0000000180009660 f   sfc_mex:sfc_mex.obj
 0001:00008680       sf_mex_get_error_message_for_read 0000000180009680 f   sfc_mex:sfc_mex.obj
 0001:00008690       sf_mex_get_error_message_buffer_length 0000000180009690 f   sfc_mex:sfc_mex.obj
 0001:00008770       sf_mex_warning_message     0000000180009770 f   sfc_mex:sfc_mex.obj
 0001:000087e0       sf_mex_v_errbuf_createf    00000001800097e0 f   sfc_mex:sfc_mex.obj
 0001:000087f0       sf_mex_errbuf_createf      00000001800097f0 f   sfc_mex:sfc_mex.obj
 0001:00008820       sf_mex_v_errbuf_catf       0000000180009820 f   sfc_mex:sfc_mex.obj
 0001:00008860       sf_mex_errbuf_catf         0000000180009860 f   sfc_mex:sfc_mex.obj
 0001:000088b0       sf_mex_errbuf_copy         00000001800098b0 f   sfc_mex:sfc_mex.obj
 0001:000088c0       sf_mex_errbuf_clear        00000001800098c0 f   sfc_mex:sfc_mex.obj
 0001:000088d0       sf_mex_errbuf_isempty      00000001800098d0 f   sfc_mex:sfc_mex.obj
 0001:000089e0       sf_mex_set_error_status    00000001800099e0 f   sfc_mex:sfc_mex.obj
 0001:00008a30       sf_mex_error_direct_call   0000000180009a30 f   sfc_mex:sfc_mex.obj
 0001:00008a50       sf_mex_error_message_no_long_jump 0000000180009a50 f   sfc_mex:sfc_mex.obj
 0001:00008a70       sf_mex_long_jump_on_error  0000000180009a70 f   sfc_mex:sfc_mex.obj
 0001:00008aa0       sf_mex_call_matlab         0000000180009aa0 f   sfc_mex:sfc_mex.obj
 0001:00008bc0       sf_mex_check_builtin       0000000180009bc0 f   sfc_mex:sfc_mex.obj
 0001:00008c00       sf_mex_check_builtin_vs    0000000180009c00 f   sfc_mex:sfc_mex.obj
 0001:00008c60       sf_mex_check_enum          0000000180009c60 f   sfc_mex:sfc_mex.obj
 0001:00008c90       sf_mex_create_enum         0000000180009c90 f   sfc_mex:sfc_mex.obj
 0001:00008cb0       sf_mex_get_enum_element    0000000180009cb0 f   sfc_mex:sfc_mex.obj
 0001:00008cc0       sf_mex_createcellarray     0000000180009cc0 f   sfc_mex:sfc_mex.obj
 0001:00008cd0       sf_mex_setcell             0000000180009cd0 f   sfc_mex:sfc_mex.obj
 0001:00008ce0       sf_mex_getcell             0000000180009ce0 f   sfc_mex:sfc_mex.obj
 0001:00008cf0       sf_mex_dup                 0000000180009cf0 f   sfc_mex:sfc_mex.obj
 0001:00008d10       sf_mex_assign              0000000180009d10 f   sfc_mex:sfc_mex.obj
 0001:00008d70       sf_mex_destroy             0000000180009d70 f   sfc_mex:sfc_mex.obj
 0001:00008da0       mx_array_has_fi_type       0000000180009da0 f   sfc_mex:sfc_mex.obj
 0001:00008dd0       sf_mex_convert_from_fi     0000000180009dd0 f   sfc_mex:sfc_mex.obj
 0001:00008e80       sf_mex_convert_to_double   0000000180009e80 f   sfc_mex:sfc_mex.obj
 0001:00008fa0       sf_mex_import_fi_vs        0000000180009fa0 f   sfc_mex:sfc_mex.obj
 0001:00009160       sf_matrix_matrix_index_ok  000000018000a160 f   sfc_mex:sfc_mex.obj
 0001:000091f0       sf_vector_vector_index_ok  000000018000a1f0 f   sfc_mex:sfc_mex.obj
 0001:00009220       ssGetCurrentInputPortDimensions_wrapper 000000018000a220 f   sfc_mex:sfc_mex.obj
 0001:00009240       ssGetCurrentOutputPortDimensions_wrapper 000000018000a240 f   sfc_mex:sfc_mex.obj
 0001:00009260       sf_mex_emlrt_context_is_debug_mode 000000018000a260 f   sfc_mex:sfc_mex.obj
 0001:00009270       sf_mex_emlrt_context_set_debug_mode 000000018000a270 f   sfc_mex:sfc_mex.obj
 0001:000092e0       sf_clear_error_manager_info 000000018000a2e0 f   sfc_mex:sfc_mex.obj
 0001:00009330       sf_mex_stop_simulation_abruptly_wo_error 000000018000a330 f   sfc_mex:sfc_mex.obj
 0001:00009370       sf_mex_error_message       000000018000a370 f   sfc_mex:sfc_mex.obj
 0001:000093d0       sf_react_to_error_in_matlab_call 000000018000a3d0 f   sfc_mex:sfc_mex.obj
 0001:00009400       sf_mex_addfield            000000018000a400 f   sfc_mex:sfc_mex.obj
 0001:000094a0       sf_mex_getfield            000000018000a4a0 f   sfc_mex:sfc_mex.obj
 0001:000097a0       sf_mex_check_class         000000018000a7a0 f   sfc_mex:sfc_mex.obj
 0001:00009890       sf_mex_is_real             000000018000a890 f   sfc_mex:sfc_mex.obj
 0001:00009d00       sf_mex_decode_encoded_mx_struct_array 000000018000ad00 f   sfc_mex:sfc_mex.obj
 0001:00009fe0       sf_mex_lw_bounds_check     000000018000afe0 f   sfc_mex:sfc_mex.obj
 0001:0000a010       sf_mex_lw_size_eq_check_1d 000000018000b010 f   sfc_mex:sfc_mex.obj
 0001:0000a030       sf_mex_lw_size_eq_check_nd 000000018000b030 f   sfc_mex:sfc_mex.obj
 0001:0000a210       sf_mex_lw_dim_size_eq_check 000000018000b210 f   sfc_mex:sfc_mex.obj
 0001:0000a240       sf_mex_lw_dim_size_geq_check 000000018000b240 f   sfc_mex:sfc_mex.obj
 0001:0000a270       sf_mex_lw_sub_assign_size_check_nd 000000018000b270 f   sfc_mex:sfc_mex.obj
 0001:0000a4a0       sf_mex_lw_runtime_error_msgid 000000018000b4a0 f   sfc_mex:sfc_mex.obj
 0001:0000a590       sf_mex_lw_matrix_matrix_index_check 000000018000b590 f   sfc_mex:sfc_mex.obj
 0001:0000a5b0       sf_mex_lw_vector_vector_index_check 000000018000b5b0 f   sfc_mex:sfc_mex.obj
 0001:0000a5f0       sf_mex_lw_non_negative_check 000000018000b5f0 f   sfc_mex:sfc_mex.obj
 0001:0000a630       sf_mex_overflow_error      000000018000b630 f   sfc_mex:sfc_mex.obj
 0001:0000a640       sf_mex_dividebyzero_error  000000018000b640 f   sfc_mex:sfc_mex.obj
 0001:0000a650       sf_mex_unsafe_enum_error   000000018000b650 f   sfc_mex:sfc_mex.obj
 0001:0000a660       sf_emlrtErrHandler         000000018000b660 f   sfc_mex:sfc_mex.obj
 0001:0000a720       sf_mex_printf              000000018000b720 f   sfc_mex:sfc_mex.obj
 0001:0000a8b0       sf_mex_check_size          000000018000b8b0 f   sfc_mex:sfc_mex.obj
 0001:0000ab80       sf_mex_check_struct        000000018000bb80 f   sfc_mex:sfc_mex.obj
 0001:0000ade0       sf_mex_check_struct_vs     000000018000bde0 f   sfc_mex:sfc_mex.obj
 0001:0000ae70       sf_mex_check_fi            000000018000be70 f   sfc_mex:sfc_mex.obj
 0001:0000af70       sf_mex_check_fi_vs         000000018000bf70 f   sfc_mex:sfc_mex.obj
 0001:0000b010       sf_echo_expression         000000018000c010 f   sfc_mex:sfc_mex.obj
 0001:0000b070       sf_assertion_failed        000000018000c070 f   sfc_mex:sfc_mex.obj
 0001:0000b350       sf_mex_evalin              000000018000c350 f   sfc_mex:sfc_mex.obj
 0001:0000b5c0       sf_mex_export              000000018000c5c0 f   sfc_mex:sfc_mex.obj
 0001:0000b680       sf_mex_get_ml_var_no_error 000000018000c680 f   sfc_mex:sfc_mex.obj
 0001:0000b820       sf_mex_get_ml_var          000000018000c820 f   sfc_mex:sfc_mex.obj
 0001:0000bcc0       ml_set_element_value_in_array 000000018000ccc0 f   sfc_mex:sfc_mex.obj
 0001:0000d390       sf_mex_call_impl           000000018000e390 f   sfc_mex:sfc_mex.obj
 0001:0000d8c0       sf_mex_call_debug          000000018000e8c0 f   sfc_mex:sfc_mex.obj
 0001:0000d8f0       sf_mex_call                000000018000e8f0 f   sfc_mex:sfc_mex.obj
 0001:0000df40       sf_mex_createstruct        000000018000ef40 f   sfc_mex:sfc_mex.obj
 0001:0000e030       sf_mex_createstructarray   000000018000f030 f   sfc_mex:sfc_mex.obj
 0001:0000e0b0       sf_mex_get_mx_datatype_from_sf_datatype 000000018000f0b0 f   sfc_mex:sfc_mex.obj
 0001:0000e3c0       sf_mex_ml_var_sub          000000018000f3c0 f   sfc_mex:sfc_mex.obj
 0001:0000e590       sf_mex_ml_var_subsasgn     000000018000f590 f   sfc_mex:sfc_mex.obj
 0001:0000e980       sf_mex_sub                 000000018000f980 f   sfc_mex:sfc_mex.obj
 0001:0000eb80       sf_mex_subsasgn            000000018000fb80 f   sfc_mex:sfc_mex.obj
 0001:0000f060       sf_mex_create              0000000180010060 f   sfc_mex:sfc_mex.obj
 0001:0000fab0       sf_mex_import_named        0000000180010ab0 f   sfc_mex:sfc_mex.obj
 0001:0000fb10       sf_mex_import              0000000180010b10 f   sfc_mex:sfc_mex.obj
 0001:0000fb60       sf_mex_import_vs           0000000180010b60 f   sfc_mex:sfc_mex.obj
 0001:0000fc70       sf_mex_lower_fixpt_mx_array 0000000180010c70 f   sfc_mex:sfc_mex.obj
 0001:00010260       sim_mode_is_rtw_gen        0000000180011260 f   sfc_mex:sfc_sf.obj
 0001:00010290       sim_mode_is_external       0000000180011290 f   sfc_mex:sfc_sf.obj
 0001:000102a0       sim_mode_is_modelref_sim   00000001800112a0 f   sfc_mex:sfc_sf.obj
 0001:000102c0       mdlInitializeSizes         00000001800112c0 f   sfc_mex:sfc_sf.obj
 0001:000102e0       mdlInitializeSampleTimes   00000001800112e0 f   sfc_mex:sfc_sf.obj
 0001:00010320       mdlZeroCrossings           0000000180011320 f   sfc_mex:sfc_sf.obj
 0001:00010400       mdlDerivatives             0000000180011400 f   sfc_mex:sfc_sf.obj
 0001:000104b0       mdl_initialize_conditions_processing 00000001800114b0 f   sfc_mex:sfc_sf.obj
 0001:000104e0       mdlInitializeConditions    00000001800114e0 f   sfc_mex:sfc_sf.obj
 0001:000105a0       mdlGetSimState             00000001800115a0 f   sfc_mex:sfc_sf.obj
 0001:000105b0       mdlSetSimState             00000001800115b0 f   sfc_mex:sfc_sf.obj
 0001:000105c0       mdl_ext_mode_exec_processing 00000001800115c0 f   sfc_mex:sfc_sf.obj
 0001:000105e0       mdlExtModeExec             00000001800115e0 f   sfc_mex:sfc_sf.obj
 0001:00010770       mdlTerminate               0000000180011770 f   sfc_mex:sfc_sf.obj
 0001:000107e0       mdlRTW                     00000001800117e0 f   sfc_mex:sfc_sf.obj
 0001:00010810       mdlSetWorkWidths           0000000180011810 f   sfc_mex:sfc_sf.obj
 0001:00010820       mdlProcessParameters       0000000180011820 f   sfc_mex:sfc_sf.obj
 0001:00010830       mdl_start_processing       0000000180011830 f   sfc_mex:sfc_sf.obj
 0001:00010870       mdlStart                   0000000180011870 f   sfc_mex:sfc_sf.obj
 0001:00010960       mdlEnable                  0000000180011960 f   sfc_mex:sfc_sf.obj
 0001:00010a30       mdlDisable                 0000000180011a30 f   sfc_mex:sfc_sf.obj
 0001:00010ae0       sf_get_chart_instance_ptr  0000000180011ae0 f   sfc_mex:sfc_sf.obj
 0001:00010b00       sf_rtw_info_uint_prop      0000000180011b00 f   sfc_mex:sfc_sf.obj
 0001:00010c70       sf_is_chart_inlinable      0000000180011c70 f   sfc_mex:sfc_sf.obj
 0001:00010c90       sf_mark_output_events_with_multiple_callers 0000000180011c90 f   sfc_mex:sfc_sf.obj
 0001:00010e50       sf_mark_chart_reusable_outputs 0000000180011e50 f   sfc_mex:sfc_sf.obj
 0001:000110d0       sf_mark_chart_expressionable_inputs 00000001800120d0 f   sfc_mex:sfc_sf.obj
 0001:00011430       sf_get_subchart_simstruct  0000000180012430 f   sfc_mex:sfc_sf.obj
 0001:00011480       sf_write_symbol_mapping    0000000180012480 f   sfc_mex:sfc_sf.obj
 0001:000116d0       sf_get_fixpt_data_type_id  00000001800126d0 f   sfc_mex:sfc_sf.obj
 0001:00011710       sf_get_enum_data_type_id   0000000180012710 f   sfc_mex:sfc_sf.obj
 0001:00011750       sf_get_param_data_type_id  0000000180012750 f   sfc_mex:sfc_sf.obj
 0001:00011780       sf_mex_listen_for_ctrl_c_force 0000000180012780 f   sfc_mex:sfc_sf.obj
 0001:00011890       sf_mex_draw_now            0000000180012890 f   sfc_mex:sfc_sf.obj
 0001:000118d0       sf_mex_set_debugger_sim_status_listener_fcn 00000001800128d0 f   sfc_mex:sfc_sf.obj
 0001:000118e0       sf_mex_listen_for_ctrl_c   00000001800128e0 f   sfc_mex:sfc_sf.obj
 0001:00011970       sf_mex_get_sfun_param      0000000180012970 f   sfc_mex:sfc_sf.obj
 0001:000119c0       sf_get_runtime_param_data  00000001800129c0 f   sfc_mex:sfc_sf.obj
 0001:00011a00       sf_call_output_fcn_call    0000000180012a00 f   sfc_mex:sfc_sf.obj
 0001:00011b40       sf_call_output_fcn_enable  0000000180012b40 f   sfc_mex:sfc_sf.obj
 0001:00011bd0       sf_call_output_fcn_disable 0000000180012bd0 f   sfc_mex:sfc_sf.obj
 0001:00011c60       sf_clear_rtw_identifier    0000000180012c60 f   sfc_mex:sfc_sf.obj
 0001:00012450       sf_set_encoded_dwork_info  0000000180013450 f   sfc_mex:sfc_sf.obj
 0001:000124a0       sf_get_dwork_info_from_mat_file 00000001800134a0 f   sfc_mex:sfc_sf.obj
 0001:00012690       sf_set_rtw_dwork_info      0000000180013690 f   sfc_mex:sfc_sf.obj
 0001:00012800       mdlOutputs                 0000000180013800 f   sfc_mex:sfc_sf.obj
 0001:000129a0       sf_debug_disp              00000001800139a0 f   sfc_debug:sfcdebug.obj
 0001:00012c00       sf_debug_data_runtime_size_mismatch_error_check 0000000180013c00 f   sfc_debug:sfcdebug.obj
 0001:00012ca0       sf_debug_try_loading_machine 0000000180013ca0 f   sfc_debug:sfcdebug.obj
 0001:00012da0       sf_debug_reset_current_state_configuration 0000000180013da0 f   sfc_debug:sfcdebug.obj
 0001:00012e30       sf_debug_store_current_state_configuration 0000000180013e30 f   sfc_debug:sfcdebug.obj
 0001:00012ec0       sf_debug_restore_previous_state_configuration 0000000180013ec0 f   sfc_debug:sfcdebug.obj
 0001:00012f50       sf_debug_restore_previous_state_configuration2 0000000180013f50 f   sfc_debug:sfcdebug.obj
 0001:00012fe0       sf_debug_get_event_scope   0000000180013fe0 f   sfc_debug:sfcdebug.obj
 0001:00013150       use_debugger_step_animation 0000000180014150 f   sfc_debug:sfcdebug.obj
 0001:00013170       sf_debug_get_script_id     0000000180014170 f   sfc_debug:sfcdebug.obj
 0001:00013200       sf_debug_set_script_translation 0000000180014200 f   sfc_debug:sfcdebug.obj
 0001:000132c0       sf_debug_get_current_machine_id 00000001800142c0 f   sfc_debug:sfcdebug.obj
 0001:000132e0       sf_debug_get_current_optional_integer 00000001800142e0 f   sfc_debug:sfcdebug.obj
 0001:000132f0       sf_debug_get_current_machine_number 00000001800142f0 f   sfc_debug:sfcdebug.obj
 0001:00013310       sf_debug_get_current_machine_name 0000000180014310 f   sfc_debug:sfcdebug.obj
 0001:00013330       sf_debug_get_current_chart_id 0000000180014330 f   sfc_debug:sfcdebug.obj
 0001:00013380       sf_debug_get_current_chart_number 0000000180014380 f   sfc_debug:sfcdebug.obj
 0001:00013390       sf_debug_get_current_instance_number 0000000180014390 f   sfc_debug:sfcdebug.obj
 0001:000133a0       sf_debug_get_current_is_minor_time_step 00000001800143a0 f   sfc_debug:sfcdebug.obj
 0001:00013420       sf_debug_get_current_object_type 0000000180014420 f   sfc_debug:sfcdebug.obj
 0001:00013430       sf_debug_get_current_instance_handle 0000000180014430 f   sfc_debug:sfcdebug.obj
 0001:00013490       sf_debug_get_current_event_type 0000000180014490 f   sfc_debug:sfcdebug.obj
 0001:000134a0       sf_debug_get_current_object_id 00000001800144a0 f   sfc_debug:sfcdebug.obj
 0001:000134e0       sf_debug_get_current_active_event_type 00000001800144e0 f   sfc_debug:sfcdebug.obj
 0001:000134f0       sf_debug_get_current_active_event_id 00000001800144f0 f   sfc_debug:sfcdebug.obj
 0001:00013530       sf_debug_get_current_tag_type 0000000180014530 f   sfc_debug:sfcdebug.obj
 0001:00013540       sf_debug_get_current_simulation_time 0000000180014540 f   sfc_debug:sfcdebug.obj
 0001:00013550       sf_debug_get_current_coverage_percentage 0000000180014550 f   sfc_debug:sfcdebug.obj
 0001:00013560       sf_debug_current_statement_context 0000000180014560 f   sfc_debug:sfcdebug.obj
 0001:000135f0       sf_debug_get_current_statement_info 00000001800145f0 f   sfc_debug:sfcdebug.obj
 0001:00013770       sf_debug_terminate_instance 0000000180014770 f   sfc_debug:sfcdebug.obj
 0001:00013a80       sf_debug_assertion_failed  0000000180014a80 f   sfc_debug:sfcdebug.obj
 0001:00013c30       sf_debug_set_number_of_data_with_change_event_for_machine 0000000180014c30 f   sfc_debug:sfcdebug.obj
 0001:00013c70       sf_debug_set_machine_event_thresholds 0000000180014c70 f   sfc_debug:sfcdebug.obj
 0001:00013c90       sf_debug_set_machine_event_scope 0000000180014c90 f   sfc_debug:sfcdebug.obj
 0001:00013cd0       sf_debug_set_machine_data_thresholds 0000000180014cd0 f   sfc_debug:sfcdebug.obj
 0001:00013d10       sf_debug_set_machine_data_scope 0000000180014d10 f   sfc_debug:sfcdebug.obj
 0001:00013da0       sf_debug_set_machine_data_name 0000000180014da0 f   sfc_debug:sfcdebug.obj
 0001:00013e40       sf_debug_set_machine_data_size 0000000180014e40 f   sfc_debug:sfcdebug.obj
 0001:00013f80       sf_debug_set_machine_data_type 0000000180014f80 f   sfc_debug:sfcdebug.obj
 0001:000140f0       sf_debug_get_chart_data_number 00000001800150f0 f   sfc_debug:sfcdebug.obj
 0001:00014110       sf_debug_get_chart_event_number 0000000180015110 f   sfc_debug:sfcdebug.obj
 0001:00014130       sf_debug_set_chart_state_info 0000000180015130 f   sfc_debug:sfcdebug.obj
 0001:000141b0       sf_debug_set_chart_decomposition 00000001800151b0 f   sfc_debug:sfcdebug.obj
 0001:00014220       sf_debug_set_chart_substate_count 0000000180015220 f   sfc_debug:sfcdebug.obj
 0001:00014300       sf_debug_set_chart_substate_index 0000000180015300 f   sfc_debug:sfcdebug.obj
 0001:00014370       sf_debug_set_chart_state_substate_count 0000000180015370 f   sfc_debug:sfcdebug.obj
 0001:00014480       sf_debug_set_chart_state_substate_index 0000000180015480 f   sfc_debug:sfcdebug.obj
 0001:00014500       sf_debug_set_number_of_data_with_change_event_for_chart 0000000180015500 f   sfc_debug:sfcdebug.obj
 0001:00014580       sf_debug_set_number_of_states_with_entry_event_for_chart 0000000180015580 f   sfc_debug:sfcdebug.obj
 0001:000145f0       sf_debug_set_number_of_states_with_exit_event_for_chart 00000001800155f0 f   sfc_debug:sfcdebug.obj
 0001:00014660       sf_debug_set_chart_disable_implicit_casting 0000000180015660 f   sfc_debug:sfcdebug.obj
 0001:000146d0       sf_debug_set_chart_event_thresholds 00000001800156d0 f   sfc_debug:sfcdebug.obj
 0001:00014740       sf_debug_set_chart_data_compiled_props 0000000180015740 f   sfc_debug:sfcdebug.obj
 0001:00014a90       sf_debug_set_chart_data_props 0000000180015a90 f   sfc_debug:sfcdebug.obj
 0001:00014db0       sf_debug_check_fi_license  0000000180015db0 f   sfc_debug:sfcdebug.obj
 0001:00014fa0       sf_debug_symbol_scope_push 0000000180015fa0 f   sfc_debug:sfcdebug.obj
 0001:00014fe0       sf_debug_symbol_scope_push_eml 0000000180015fe0 f   sfc_debug:sfcdebug.obj
 0001:00015030       sf_debug_symbol_scope_pop  0000000180016030 f   sfc_debug:sfcdebug.obj
 0001:00015070       sf_debug_symbol_scope_add_importable 0000000180016070 f   sfc_debug:sfcdebug.obj
 0001:000150f0       sf_debug_symbol_scope_add  00000001800160f0 f   sfc_debug:sfcdebug.obj
 0001:00015170       sf_debug_symbol_scope_add_dyn_importable 0000000180016170 f   sfc_debug:sfcdebug.obj
 0001:00015230       sf_debug_symbol_scope_add_dyn 0000000180016230 f   sfc_debug:sfcdebug.obj
 0001:00015260       sf_debug_symbol_scope_add_eml_importable 0000000180016260 f   sfc_debug:sfcdebug.obj
 0001:000152a0       sf_debug_symbol_scope_add_eml 00000001800162a0 f   sfc_debug:sfcdebug.obj
 0001:000152e0       sf_debug_symbol_scope_add_eml_dyn_importable 00000001800162e0 f   sfc_debug:sfcdebug.obj
 0001:00015350       sf_debug_symbol_scope_add_eml_dyn 0000000180016350 f   sfc_debug:sfcdebug.obj
 0001:000153b0       sf_debug_symbol_switch     00000001800163b0 f   sfc_debug:sfcdebug.obj
 0001:000153d0       sf_debug_symbol_scope_add_verbose 00000001800163d0 f   sfc_debug:sfcdebug.obj
 0001:000154a0       sf_debug_set_machine_data_value_ptr 00000001800164a0 f   sfc_debug:sfcdebug.obj
 0001:000154e0       sf_debug_set_instance_data_value_ptr 00000001800164e0 f   sfc_debug:sfcdebug.obj
 0001:000155a0       sf_debug_unset_instance_data_value_ptr 00000001800165a0 f   sfc_debug:sfcdebug.obj
 0001:00015650       sf_debug_set_chart_event_scope 0000000180016650 f   sfc_debug:sfcdebug.obj
 0001:000156d0       sf_debug_set_chart_transition_coverage_maps 00000001800166d0 f   sfc_debug:sfcdebug.obj
 0001:000157e0       sf_debug_set_chart_state_coverage_maps 00000001800167e0 f   sfc_debug:sfcdebug.obj
 0001:000158c0       sf_debug_set_instance_transition_coverage_weights 00000001800168c0 f   sfc_debug:sfcdebug.obj
 0001:00015960       sf_debug_set_instance_state_coverage_weights 0000000180016960 f   sfc_debug:sfcdebug.obj
 0001:00015bb0       sf_debug_unload_machine    0000000180016bb0 f   sfc_debug:sfcdebug.obj
 0001:00015c00       sf_debug_load_machine      0000000180016c00 f   sfc_debug:sfcdebug.obj
 0001:00015d00       sf_debug_set_active_instance_in_data_dictionary 0000000180016d00 f   sfc_debug:sfcdebug.obj
 0001:00015ee0       sf_debug_set_active_instance 0000000180016ee0 f   sfc_debug:sfcdebug.obj
 0001:00016020       sf_debug_chart_visiblity_change 0000000180017020 f   sfc_debug:sfcdebug.obj
 0001:00016100       sf_debug_select_chart      0000000180017100 f   sfc_debug:sfcdebug.obj
 0001:000161d0       sf_debug_set_instance_cv_ids 00000001800171d0 f   sfc_debug:sfcdebug.obj
 0001:000164e0       sf_debug_select_charts     00000001800174e0 f   sfc_debug:sfcdebug.obj
 0001:00016620       sf_debug_initialized       0000000180017620 f   sfc_debug:sfcdebug.obj
 0001:00016630       sf_debug_is_uninterruptible 0000000180017630 f   sfc_debug:sfcdebug.obj
 0001:00016660       sf_debug_initialize_debugger_gui 0000000180017660 f   sfc_debug:sfcdebug.obj
 0001:00016a50       sf_debug_resume            0000000180017a50 f   sfc_debug:sfcdebug.obj
 0001:00016a70       sf_debug_go                0000000180017a70 f   sfc_debug:sfcdebug.obj
 0001:00016a80       sf_debug_break             0000000180017a80 f   sfc_debug:sfcdebug.obj
 0001:00016a90       sf_debug_step_over         0000000180017a90 f   sfc_debug:sfcdebug.obj
 0001:00016aa0       sf_debug_step_out          0000000180017aa0 f   sfc_debug:sfcdebug.obj
 0001:00016ab0       sf_debug_set_disable_all_breakpoints 0000000180017ab0 f   sfc_debug:sfcdebug.obj
 0001:00016ac0       sf_debug_disable_all_breakpoints_and_go 0000000180017ac0 f   sfc_debug:sfcdebug.obj
 0001:00016ad0       sf_debug_break_on_chart_entry 0000000180017ad0 f   sfc_debug:sfcdebug.obj
 0001:00016ae0       sf_debug_break_on_event_broadcast 0000000180017ae0 f   sfc_debug:sfcdebug.obj
 0001:00016af0       sf_debug_break_on_state_entry 0000000180017af0 f   sfc_debug:sfcdebug.obj
 0001:00016b00       sf_debug_break_between_times 0000000180017b00 f   sfc_debug:sfcdebug.obj
 0001:00016b20       sf_debug_browse_data       0000000180017b20 f   sfc_debug:sfcdebug.obj
 0001:00016b40       sf_debug_watch_data        0000000180017b40 f   sfc_debug:sfcdebug.obj
 0001:00016b60       sf_debug_assign_data       0000000180017b60 f   sfc_debug:sfcdebug.obj
 0001:00016b80       sf_debug_whos              0000000180017b80 f   sfc_debug:sfcdebug.obj
 0001:00016ba0       sf_debug_get_consistency_info 0000000180017ba0 f   sfc_debug:sfcdebug.obj
 0001:00016bb0       sf_debug_browse_trace      0000000180017bb0 f   sfc_debug:sfcdebug.obj
 0001:00016bc0       sf_debug_set_breakpoints   0000000180017bc0 f   sfc_debug:sfcdebug.obj
 0001:00016d20       sf_debug_set_eml_breakpoints 0000000180017d20 f   sfc_debug:sfcdebug.obj
 0001:00016e80       sf_debug_set_script_breakpoints 0000000180017e80 f   sfc_debug:sfcdebug.obj
 0001:00016f00       sf_debug_add_script_breakpoints 0000000180017f00 f   sfc_debug:sfcdebug.obj
 0001:00016f70       sf_debug_clear_script_breakpoints 0000000180017f70 f   sfc_debug:sfcdebug.obj
 0001:00016fe0       sf_debug_query_script_breakpoints 0000000180017fe0 f   sfc_debug:sfcdebug.obj
 0001:000170a0       sf_debug_get_eml_script_id 00000001800180a0 f   sfc_debug:sfcdebug.obj
 0001:000170f0       sf_debug_set_watch         00000001800180f0 f   sfc_debug:sfcdebug.obj
 0001:00017320       sf_debug_get_coverage      0000000180018320 f   sfc_debug:sfcdebug.obj
 0001:00017330       sf_debug_get_instance_handle 0000000180018330 f   sfc_debug:sfcdebug.obj
 0001:000173c0       sf_debug_get_active_states 00000001800183c0 f   sfc_debug:sfcdebug.obj
 0001:000173d0       sf_debug_get_animation     00000001800183d0 f   sfc_debug:sfcdebug.obj
 0001:000173e0       sf_debug_set_animation     00000001800183e0 f   sfc_debug:sfcdebug.obj
 0001:000173f0       sf_debug_animate           00000001800183f0 f   sfc_debug:sfcdebug.obj
 0001:00017420       sf_debug_cycle_detection_check 0000000180018420 f   sfc_debug:sfcdebug.obj
 0001:00017430       sf_debug_data_range_check  0000000180018430 f   sfc_debug:sfcdebug.obj
 0001:00017440       sf_debug_transition_conflict_check 0000000180018440 f   sfc_debug:sfcdebug.obj
 0001:00017450       sf_debug_state_consistency_check 0000000180018450 f   sfc_debug:sfcdebug.obj
 0001:00017460       sf_debug_data_range_check_enabled 0000000180018460 f   sfc_debug:sfcdebug.obj
 0001:00017480       sf_debug_transition_conflict_check_enabled 0000000180018480 f   sfc_debug:sfcdebug.obj
 0001:000174a0       sf_debug_transition_conflict_check_begin 00000001800184a0 f   sfc_debug:sfcdebug.obj
 0001:000174c0       sf_debug_transition_conflict_check_end 00000001800184c0 f   sfc_debug:sfcdebug.obj
 0001:000174e0       sf_debug_stop_debugging    00000001800184e0 f   sfc_debug:sfcdebug.obj
 0001:00017510       sf_debug_is_cycle_detected 0000000180018510 f   sfc_debug:sfcdebug.obj
 0001:00017520       sf_debug_is_array_bounds_detected 0000000180018520 f   sfc_debug:sfcdebug.obj
 0001:00017530       sf_debug_get_state_vectors_data_size 0000000180018530 f   sfc_debug:sfcdebug.obj
 0001:00017570       sf_debug_get_state_vectors_data 0000000180018570 f   sfc_debug:sfcdebug.obj
 0001:00017670       sf_debug_set_state_vectors_data 0000000180018670 f   sfc_debug:sfcdebug.obj
 0001:00017930       sf_debug_get_script_index  0000000180018930 f   sfc_debug:sfcdebug.obj
 0001:00017ac0       sf_debug_add_script        0000000180018ac0 f   sfc_debug:sfcdebug.obj
 0001:00017c50       cv_eval_point              0000000180018c50 f   sfc_debug:sfcdebug.obj
 0001:00017dc0       sf_debug_cv_init_state     0000000180018dc0 f   sfc_debug:sfcdebug.obj
 0001:00017ee0       sf_debug_cv_init_chart     0000000180018ee0 f   sfc_debug:sfcdebug.obj
 0001:00017fc0       sf_debug_cv_init_trans     0000000180018fc0 f   sfc_debug:sfcdebug.obj
 0001:00018130       cv_eml_init_script         0000000180019130 f   sfc_debug:sfcdebug.obj
 0001:00018210       cv_eml_init_fcn            0000000180019210 f   sfc_debug:sfcdebug.obj
 0001:000182c0       cv_eml_init_testobjective  00000001800192c0 f   sfc_debug:sfcdebug.obj
 0001:00018370       cv_eml_init_if             0000000180019370 f   sfc_debug:sfcdebug.obj
 0001:00018420       cv_eml_init_for            0000000180019420 f   sfc_debug:sfcdebug.obj
 0001:000184d0       cv_eml_init_while          00000001800194d0 f   sfc_debug:sfcdebug.obj
 0001:00018580       cv_eml_init_mcdc           0000000180019580 f   sfc_debug:sfcdebug.obj
 0001:00018680       cv_eml_init_switch         0000000180019680 f   sfc_debug:sfcdebug.obj
 0001:00018760       cv_eml_eval                0000000180019760 f   sfc_debug:sfcdebug.obj
 0001:00018840       sf_debug_bm_is_a_eml_breakpoint 0000000180019840 f   sfc_debug:sfcdebug.obj
 0001:00018990       sf_debug_temporal_threshold 0000000180019990 f   sfc_debug:sfcdebug.obj
 0001:00018cf0       sf_debug_transition_conflict_error 0000000180019cf0 f   sfc_debug:sfcdebug.obj
 0001:00019070       sf_debug_state_inconsistency_error 000000018001a070 f   sfc_debug:sfcdebug.obj
 0001:00019190       sf_debug_check_for_state_inconsistency 000000018001a190 f   sfc_debug:sfcdebug.obj
 0001:000191c0       sf_debug_cycle_detecton_error 000000018001a1c0 f   sfc_debug:sfcdebug.obj
 0001:000199b0       sf_debug_size_eq_check_1d  000000018001a9b0 f   sfc_debug:sfcdebug.obj
 0001:000199d0       sf_debug_size_eq_check_nd  000000018001a9d0 f   sfc_debug:sfcdebug.obj
 0001:00019bb0       sf_debug_dim_size_eq_check 000000018001abb0 f   sfc_debug:sfcdebug.obj
 0001:00019be0       sf_debug_dim_size_geq_check 000000018001abe0 f   sfc_debug:sfcdebug.obj
 0001:00019c10       sf_debug_sub_assign_size_check_nd 000000018001ac10 f   sfc_debug:sfcdebug.obj
 0001:00019e50       sf_debug_matrix_matrix_index_check 000000018001ae50 f   sfc_debug:sfcdebug.obj
 0001:00019e80       sf_debug_vector_vector_index_check 000000018001ae80 f   sfc_debug:sfcdebug.obj
 0001:00019eb0       sf_debug_runtime_error_msgid 000000018001aeb0 f   sfc_debug:sfcdebug.obj
 0001:00019f40       sf_debug_data_array_bounds_error_check 000000018001af40 f   sfc_debug:sfcdebug.obj
 0001:0001a050       sf_debug_eml_data_array_bounds_error_check 000000018001b050 f   sfc_debug:sfcdebug.obj
 0001:0001a530       sf_debug_integer_check     000000018001b530 f   sfc_debug:sfcdebug.obj
 0001:0001a610       sf_debug_not_nan_check     000000018001b610 f   sfc_debug:sfcdebug.obj
 0001:0001a6d0       sf_debug_non_negative_check 000000018001b6d0 f   sfc_debug:sfcdebug.obj
 0001:0001a790       sf_debug_overflow_detection 000000018001b790 f   sfc_debug:sfcdebug.obj
 0001:0001ae80       sf_debug_cast_to_real32_T  000000018001be80 f   sfc_debug:sfcdebug.obj
 0001:0001af40       sf_debug_cast_to_int8_T    000000018001bf40 f   sfc_debug:sfcdebug.obj
 0001:0001b000       sf_debug_cast_to_uint8_T   000000018001c000 f   sfc_debug:sfcdebug.obj
 0001:0001b0c0       sf_debug_cast_to_int16_T   000000018001c0c0 f   sfc_debug:sfcdebug.obj
 0001:0001b180       sf_debug_cast_to_uint16_T  000000018001c180 f   sfc_debug:sfcdebug.obj
 0001:0001b240       sf_debug_cast_to_int32_T   000000018001c240 f   sfc_debug:sfcdebug.obj
 0001:0001b300       sf_debug_cast_to_uint32_T  000000018001c300 f   sfc_debug:sfcdebug.obj
 0001:0001b3c0       sf_debug_data_range_error  000000018001c3c0 f   sfc_debug:sfcdebug.obj
 0001:0001b840       sf_debug_data_range_error_wrapper_min_max 000000018001c840 f   sfc_debug:sfcdebug.obj
 0001:0001b930       sf_debug_data_range_error_wrapper_min 000000018001c930 f   sfc_debug:sfcdebug.obj
 0001:0001ba10       sf_debug_data_range_error_wrapper_max 000000018001ca10 f   sfc_debug:sfcdebug.obj
 0001:0001baf0       sf_debug_data_range_wrapper 000000018001caf0 f   sfc_debug:sfcdebug.obj
 0001:0001bba0       sf_debug_set_current_status_info 000000018001cba0 f   sfc_debug:sfcdebug.obj
 0001:0001bf50       sf_debug_call              000000018001cf50 f   sfc_debug:sfcdebug.obj
 0001:0001ce10       sf_debug_initialize_machine 000000018001de10 f   sfc_debug:sfcdebug.obj
 0001:0001d120       sf_debug_initialize_chart  000000018001e120 f   sfc_debug:sfcdebug.obj
 0001:0001d600       sf_debug_ensure_script     000000018001e600 f   sfc_debug:sfcdebug.obj
 0001:0001d6c0       cv_script_init_script      000000018001e6c0 f   sfc_debug:sfcdebug.obj
 0001:0001d7a0       cv_script_init_fcn         000000018001e7a0 f   sfc_debug:sfcdebug.obj
 0001:0001d850       cv_script_init_testobjective 000000018001e850 f   sfc_debug:sfcdebug.obj
 0001:0001d900       cv_script_init_if          000000018001e900 f   sfc_debug:sfcdebug.obj
 0001:0001d9b0       cv_script_init_for         000000018001e9b0 f   sfc_debug:sfcdebug.obj
 0001:0001da60       cv_script_init_while       000000018001ea60 f   sfc_debug:sfcdebug.obj
 0001:0001db10       cv_script_init_mcdc        000000018001eb10 f   sfc_debug:sfcdebug.obj
 0001:0001dc10       cv_script_init_switch      000000018001ec10 f   sfc_debug:sfcdebug.obj
 0001:0001dcf0       cv_script_eval             000000018001ecf0 f   sfc_debug:sfcdebug.obj
 0001:0001ddd0       eml_debug_line_call        000000018001edd0 f   sfc_debug:sfcdebug.obj
 0001:0001df80       sf_debug_terminate         000000018001ef80 f   sfc_debug:sfcdebug.obj
 0001:0001e0f0       sf_debug_set_script_cv_ids 000000018001f0f0 f   sfc_debug:sfcdebug.obj
 0001:0001e2c0       sf_debug_api               000000018001f2c0 f   sfc_debug:sfc_api.obj
 0001:0001faf0       sf_debug_sm_terminate      0000000180020af0 f   sfc_debug:sfdb_animation.obj
 0001:0001fcb0       sf_debug_reset_path_objects 0000000180020cb0 f   sfc_debug:sfdb_animation.obj
 0001:0001fd30       sf_debug_sm_reset_object_selection_status 0000000180020d30 f   sfc_debug:sfdb_animation.obj
 0001:0001fdd0       sf_debug_sm_reset_state_buffer 0000000180020dd0 f   sfc_debug:sfdb_animation.obj
 0001:0001fea0       sf_debug_sm_store_state_buffer 0000000180020ea0 f   sfc_debug:sfdb_animation.obj
 0001:0001ff20       sf_debug_sm_restore_state_buffer1 0000000180020f20 f   sfc_debug:sfdb_animation.obj
 0001:0001ff90       sf_debug_sm_restore_state_buffer2 0000000180020f90 f   sfc_debug:sfdb_animation.obj
 0001:00020000       sf_debug_sm_chart_active   0000000180021000 f   sfc_debug:sfdb_animation.obj
 0001:00020050       sf_debug_sm_select_active_objects 0000000180021050 f   sfc_debug:sfdb_animation.obj
 0001:00020500       sf_debug_sm_is_chart_active 0000000180021500 f   sfc_debug:sfdb_animation.obj
 0001:00020540       sf_debug_sm_is_state_active 0000000180021540 f   sfc_debug:sfdb_animation.obj
 0001:00020780       sf_debug_sm_get_active_states 0000000180021780 f   sfc_debug:sfdb_animation.obj
 0001:00020d40       sf_debug_sm_initialize_instance 0000000180021d40 f   sfc_debug:sfdb_animation.obj
 0001:00020f90       sf_debug_sm_change_object_selection_status 0000000180021f90 f   sfc_debug:sfdb_animation.obj
 0001:00021280       cv_create_interface        0000000180022280 f   sfc_debug:cv_sfinterface.obj
 0001:000215e0       cv_init_trans              00000001800225e0 f   sfc_debug:cv_sfinterface.obj
 0001:00021630       cv_init_state              0000000180022630 f   sfc_debug:cv_sfinterface.obj
 0001:000216a0       cv_init_chart              00000001800226a0 f   sfc_debug:cv_sfinterface.obj
 0001:000216f0       cv_dec_update_call         00000001800226f0 f   sfc_debug:cv_sfinterface.obj
 0001:00021730       cv_cond_update_call        0000000180022730 f   sfc_debug:cv_sfinterface.obj
 0001:00021770       cv_sigrange_update         0000000180022770 f   sfc_debug:cv_sfinterface.obj
 0001:000217b0       cvsf_eml_eval              00000001800227b0 f   sfc_debug:cv_sfinterface.obj
 0001:00021890       cvsf_eml_init_script       0000000180022890 f   sfc_debug:cv_sfinterface.obj
 0001:00021910       cvsf_eml_init_fcn          0000000180022910 f   sfc_debug:cv_sfinterface.obj
 0001:00021970       cvsf_eml_init_testobjective 0000000180022970 f   sfc_debug:cv_sfinterface.obj
 0001:000219d0       cvsf_eml_init_if           00000001800229d0 f   sfc_debug:cv_sfinterface.obj
 0001:00021a30       cvsf_eml_init_for          0000000180022a30 f   sfc_debug:cv_sfinterface.obj
 0001:00021a80       cvsf_eml_init_while        0000000180022a80 f   sfc_debug:cv_sfinterface.obj
 0001:00021ad0       cvsf_eml_init_mcdc         0000000180022ad0 f   sfc_debug:cv_sfinterface.obj
 0001:00021b60       cvsf_eml_init_switch       0000000180022b60 f   sfc_debug:cv_sfinterface.obj
 0001:00021bd0       cvsf_script_eval           0000000180022bd0 f   sfc_debug:cv_sfinterface.obj
 0001:00021cb0       cvsf_script_init_script    0000000180022cb0 f   sfc_debug:cv_sfinterface.obj
 0001:00021d30       cvsf_script_init_fcn       0000000180022d30 f   sfc_debug:cv_sfinterface.obj
 0001:00021d90       cvsf_script_init_testobjective 0000000180022d90 f   sfc_debug:cv_sfinterface.obj
 0001:00021df0       cvsf_script_init_if        0000000180022df0 f   sfc_debug:cv_sfinterface.obj
 0001:00021e50       cvsf_script_init_for       0000000180022e50 f   sfc_debug:cv_sfinterface.obj
 0001:00021ea0       cvsf_script_init_while     0000000180022ea0 f   sfc_debug:cv_sfinterface.obj
 0001:00021ef0       cvsf_script_init_mcdc      0000000180022ef0 f   sfc_debug:cv_sfinterface.obj
 0001:00021f80       cvsf_script_init_switch    0000000180022f80 f   sfc_debug:cv_sfinterface.obj
 0001:00021ff0       cv_destroy_interface       0000000180022ff0 f   sfc_debug:cv_sfinterface.obj
 0001:00022010       cv_create_instance_objects 0000000180023010 f   sfc_debug:cv_sfinterface.obj
 0001:000224c0       cv_is_enabled              00000001800234c0 f   sfc_debug:cv_sfinterface.obj
 0001:000224d0       sf_debug_cv_initialize_script 00000001800234d0 f   sfc_debug:cv_sfinterface.obj
 0001:00022680       sf_debug_cv_initialize_instance 0000000180023680 f   sfc_debug:cv_sfinterface.obj
 0001:00022a20       sf_debug_cv_terminate_chart 0000000180023a20 f   sfc_debug:cv_sfinterface.obj
 0001:00022b60       cv_call_trans_test         0000000180023b60 f   sfc_debug:cv_sfinterface.obj
 0001:00022b70       cv_call_sub_cond_test      0000000180023b70 f   sfc_debug:cv_sfinterface.obj
 0001:00022ca0       sf_debug_hm_initialize_instance 0000000180023ca0 f   sfc_debug:sfdb_handle_management.obj
 0001:00023220       sf_debug_hm_get_object_id  0000000180024220 f   sfc_debug:sfdb_handle_management.obj
 0001:00025190       sf_debug_object_is_eml_function 0000000180026190 f   sfc_debug:sfdb_handle_management.obj
 0001:00025200       sf_debug_hm_initialize_ids_in_machine 0000000180026200 f   sfc_debug:sfdb_handle_management.obj
 0001:00025370       sf_debug_hm_initialize_ids_in_chart 0000000180026370 f   sfc_debug:sfdb_handle_management.obj
 0001:000254b0       sf_debug_hm_initialize_chart 00000001800264b0 f   sfc_debug:sfdb_handle_management.obj
 0001:00025c60       sf_debug_hm_terminate      0000000180026c60 f   sfc_debug:sfdb_handle_management.obj
 0001:00025cc0       sf_debug_hm_initialize_machine 0000000180026cc0 f   sfc_debug:sfdb_handle_management.obj
 0001:00026470       sf_debug_st_initialize_machine 0000000180027470 f   sfc_debug:sfdb_data_browse.obj
 0001:00026530       sf_debug_st_initialize_instance 0000000180027530 f   sfc_debug:sfdb_data_browse.obj
 0001:00026760       sf_debug_st_terminate      0000000180027760 f   sfc_debug:sfdb_data_browse.obj
 0001:00026b00       sf_debug_st_set_data_value_ptr_in_machine 0000000180027b00 f   sfc_debug:sfdb_data_browse.obj
 0001:00026b90       sf_debug_st_set_data_value_ptr_in_instance 0000000180027b90 f   sfc_debug:sfdb_data_browse.obj
 0001:00026c70       sf_debug_st_unset_data_value_ptr_in_machine 0000000180027c70 f   sfc_debug:sfdb_data_browse.obj
 0001:00026ce0       sf_debug_st_unset_data_value_ptr_in_instance 0000000180027ce0 f   sfc_debug:sfdb_data_browse.obj
 0001:00026ff0       sf_debug_mx_value          0000000180027ff0 f   sfc_debug:sfdb_data_browse.obj
 0001:00027050       sf_debug_mx_packed_vector  0000000180028050 f   sfc_debug:sfdb_data_browse.obj
 0001:00027130       sf_debug_mx_uint_vector    0000000180028130 f   sfc_debug:sfdb_data_browse.obj
 0001:000271f0       sf_debug_st_get_double_value_from_void_ptr_vector 00000001800281f0 f   sfc_debug:sfdb_data_browse.obj
 0001:00027ce0       sf_debug_st_browse_data    0000000180028ce0 f   sfc_debug:sfdb_data_browse.obj
 0001:00028480       sf_debug_ss_initialize     0000000180029480 f   sfc_debug:sfdb_symbol_scope.obj
 0001:000284a0       sf_debug_ss_terminate      00000001800294a0 f   sfc_debug:sfdb_symbol_scope.obj
 0001:00028530       sf_debug_ss_push_symbol_scope 0000000180029530 f   sfc_debug:sfdb_symbol_scope.obj
 0001:00028630       sf_debug_ss_push_symbol_scope_eml 0000000180029630 f   sfc_debug:sfdb_symbol_scope.obj
 0001:00028690       sf_debug_ss_pop_symbol_scope 0000000180029690 f   sfc_debug:sfdb_symbol_scope.obj
 0001:00028740       sf_debug_ss_add_symbol     0000000180029740 f   sfc_debug:sfdb_symbol_scope.obj
 0001:000288a0       sf_debug_ss_add_symbol_eml 00000001800298a0 f   sfc_debug:sfdb_symbol_scope.obj
 0001:00029580       sf_debug_ss_set_data_value 000000018002a580 f   sfc_debug:sfdb_symbol_scope.obj
 0001:00029a20       sf_debug_ss_watch_data     000000018002aa20 f   sfc_debug:sfdb_symbol_scope.obj
 0001:00029ac0       sf_debug_ss_assign_data    000000018002aac0 f   sfc_debug:sfdb_symbol_scope.obj
 0001:0002a4c0       get_data_entry_name        000000018002b4c0 f   sfc_debug:sfdb_symbol_scope.obj
 0001:0002a510       sf_debug_ss_whos           000000018002b510 f   sfc_debug:sfdb_symbol_scope.obj
 0001:0002ac20       sf_debug_cc_initialize_chart 000000018002bc20 f   sfc_debug:sfdb_coverage.obj
 0001:0002b610       sf_debug_cc_initialize_instance 000000018002c610 f   sfc_debug:sfdb_coverage.obj
 0001:0002c410       sf_debug_cc_terminate      000000018002d410 f   sfc_debug:sfdb_coverage.obj
 0001:0002c500       sf_debug_cc_set_transition_maps 000000018002d500 f   sfc_debug:sfdb_coverage.obj
 0001:0002c630       sf_debug_cc_set_state_maps 000000018002d630 f   sfc_debug:sfdb_coverage.obj
 0001:0002c710       sf_debug_cc_set_transition_weights 000000018002d710 f   sfc_debug:sfdb_coverage.obj
 0001:0002c9e0       sf_debug_cc_set_state_weights 000000018002d9e0 f   sfc_debug:sfdb_coverage.obj
 0001:0002ccb0       sf_debug_cc_mark_transition_guard 000000018002dcb0 f   sfc_debug:sfdb_coverage.obj
 0001:0002cd40       sf_debug_cc_mark_transition_trigger 000000018002dd40 f   sfc_debug:sfdb_coverage.obj
 0001:0002cdd0       sf_debug_cc_mark_transition_decision 000000018002ddd0 f   sfc_debug:sfdb_coverage.obj
 0001:0002ce40       sf_debug_cc_mark_transition_condition_action 000000018002de40 f   sfc_debug:sfdb_coverage.obj
 0001:0002ce90       sf_debug_cc_mark_transition_transition_action 000000018002de90 f   sfc_debug:sfdb_coverage.obj
 0001:0002cee0       sf_debug_cc_mark_state_entry 000000018002dee0 f   sfc_debug:sfdb_coverage.obj
 0001:0002cf30       sf_debug_cc_mark_state_during 000000018002df30 f   sfc_debug:sfdb_coverage.obj
 0001:0002cf80       sf_debug_cc_mark_state_exit 000000018002df80 f   sfc_debug:sfdb_coverage.obj
 0001:0002d7c0       sf_debug_cc_get_coverage   000000018002e7c0 f   sfc_debug:sfdb_coverage.obj
 0001:0002dd60       sf_debug_bm_clear_script_breakpoints 000000018002ed60 f   sfc_debug:sfdb_breakpoints.obj
 0001:0002dd90       sf_debug_bm_set_script_breakpoint 000000018002ed90 f   sfc_debug:sfdb_breakpoints.obj
 0001:0002de10       sf_debug_bm_clear_single_script_breakpoint 000000018002ee10 f   sfc_debug:sfdb_breakpoints.obj
 0001:0002de90       sf_debug_bm_query_script_breakpoint 000000018002ee90 f   sfc_debug:sfdb_breakpoints.obj
 0001:0002dee0       sf_debug_bm_initialize_scripts 000000018002eee0 f   sfc_debug:sfdb_breakpoints.obj
 0001:0002e600       sf_debug_bm_terminate      000000018002f600 f   sfc_debug:sfdb_breakpoints.obj
 0001:0002e8f0       sf_debug_bm_remove_all_breakpoints_in_machine 000000018002f8f0 f   sfc_debug:sfdb_breakpoints.obj
 0001:0002e960       sf_debug_bm_remove_all_breakpoints_in_chart 000000018002f960 f   sfc_debug:sfdb_breakpoints.obj
 0001:0002eab0       sf_debug_bm_initialize_global_breakpoints 000000018002fab0 f   sfc_debug:sfdb_breakpoints.obj
 0001:0002ec30       sf_debug_bm_set_breakpoint 000000018002fc30 f   sfc_debug:sfdb_breakpoints.obj
 0001:0002f260       sf_debug_bm_set_eml_breakpoint 0000000180030260 f   sfc_debug:sfdb_breakpoints.obj
 0001:0002f300       sf_debug_bm_initialize_machine_breakpoint_map 0000000180030300 f   sfc_debug:sfdb_breakpoints.obj
 0001:0002f720       sf_debug_bm_is_a_breakpoint 0000000180030720 f   sfc_debug:sfdb_breakpoints.obj
 0001:0002fc40       sf_debug_bm_get_all_breakpoints_in_machine 0000000180030c40 f   sfc_debug:sfdb_breakpoints.obj
 0001:0002ff40       sf_debug_bm_get_all_breakpoints_in_chart 0000000180030f40 f   sfc_debug:sfdb_breakpoints.obj
 0001:00030c00       sf_debug_bm_initialize_machine 0000000180031c00 f   sfc_debug:sfdb_breakpoints.obj
 0001:00030cd0       sf_debug_bm_initialize_chart 0000000180031cd0 f   sfc_debug:sfdb_breakpoints.obj
 0001:000310f0       sf_debug_sc_terminate      00000001800320f0 f   sfc_debug:sfdb_state_consistency.obj
 0001:00031420       sf_debug_sc_is_chart_consistent 0000000180032420 f   sfc_debug:sfdb_state_consistency.obj
 0001:000316d0       sf_debug_sc_get_consistency_error_info 00000001800326d0 f   sfc_debug:sfdb_state_consistency.obj
 0001:00031b20       sf_debug_tm_terminate      0000000180032b20 f   sfc_debug:sfdb_call_stack.obj
 0001:00031be0       sf_debug_tm_push_chart_instance 0000000180032be0 f   sfc_debug:sfdb_call_stack.obj
 0001:00031d30       sf_debug_tm_pop_chart_instance 0000000180032d30 f   sfc_debug:sfdb_call_stack.obj
 0001:00031d90       sf_debug_tm_push_trace_node 0000000180032d90 f   sfc_debug:sfdb_call_stack.obj
 0001:00031f20       sf_debug_tm_pop_trace_node 0000000180032f20 f   sfc_debug:sfdb_call_stack.obj
 0001:00031fa0       sf_debug_tm_get_current_global_trace_index 0000000180032fa0 f   sfc_debug:sfdb_call_stack.obj
 0001:00031fb0       sf_debug_tm_get_current_local_trace_index 0000000180032fb0 f   sfc_debug:sfdb_call_stack.obj
 0001:00031fe0       sf_debug_tm_set_cycle_detected_flag 0000000180032fe0 f   sfc_debug:sfdb_call_stack.obj
 0001:00032020       sf_debug_tm_set_cycle_started_flag 0000000180033020 f   sfc_debug:sfdb_call_stack.obj
 0001:00032060       sf_debug_tm_get_chart_number_from_stack 0000000180033060 f   sfc_debug:sfdb_call_stack.obj
 0001:00032260       sf_debug_tm_browse_trace   0000000180033260 f   sfc_debug:sfdb_call_stack.obj
 0001:000325a0       sf_debug_cd_initialize_instance 00000001800335a0 f   sfc_debug:sfdb_cycle_detection.obj
 0001:00032850       sf_debug_cd_mark_processed_transition_in_instance 0000000180033850 f   sfc_debug:sfdb_cycle_detection.obj
 0001:000328f0       sf_debug_cd_checksum_push  00000001800338f0 f   sfc_debug:sfdb_cycle_detection.obj
 0001:00032bb0       sf_debug_cd_checksum_pop   0000000180033bb0 f   sfc_debug:sfdb_cycle_detection.obj
 0001:00032c20       sf_debug_cd_turn_off_cycle_detection 0000000180033c20 f   sfc_debug:sfdb_cycle_detection.obj
 0001:00032c70       sf_debug_cd_terminate      0000000180033c70 f   sfc_debug:sfdb_cycle_detection.obj
 0001:00032eb0       md5_initialize_state       0000000180033eb0 f   sfc_debug:ckmd5.obj
 0001:00033920       md5_update_state           0000000180034920 f   sfc_debug:ckmd5.obj
 0001:00033940       md5_get_hash               0000000180034940 f   sfc_debug:ckmd5.obj
 0001:00033970       md5_get_hash_for_a_single_string 0000000180034970 f   sfc_debug:ckmd5.obj
 0001:000339d4       mxGetPr                    00000001800349d4 f   libmx:libmx.dll
 0001:000339da       mxCreateDoubleScalar       00000001800349da f   libmx:libmx.dll
 0001:000339e0       mxSetField_730             00000001800349e0 f   libmx:libmx.dll
 0001:000339e6       mxCreateDoubleMatrix_730   00000001800349e6 f   libmx:libmx.dll
 0001:000339ec       mxCreateStructMatrix_730   00000001800349ec f   libmx:libmx.dll
 0001:000339f2       mxDestroyArray             00000001800349f2 f   libmx:libmx.dll
 0001:000339f8       mxCreateString             00000001800349f8 f   libmx:libmx.dll
 0001:000339fe       mxDuplicateArray           00000001800349fe f   libmx:libmx.dll
 0001:00033a04       mxGetString_730            0000000180034a04 f   libmx:libmx.dll
 0001:00033a0a       mxIsChar                   0000000180034a0a f   libmx:libmx.dll
 0001:00033a10       mxGetClassID               0000000180034a10 f   libmx:libmx.dll
 0001:00033a16       mxIsNumeric                0000000180034a16 f   libmx:libmx.dll
 0001:00033a1c       mxIsComplex                0000000180034a1c f   libmx:libmx.dll
 0001:00033a22       mxGetN                     0000000180034a22 f   libmx:libmx.dll
 0001:00033a28       mxGetM                     0000000180034a28 f   libmx:libmx.dll
 0001:00033a2e       mxCalloc                   0000000180034a2e f   libmx:libmx.dll
 0001:00033a34       mxGetScalar                0000000180034a34 f   libmx:libmx.dll
 0001:00033a3a       mxIsLogical                0000000180034a3a f   libmx:libmx.dll
 0001:00033a40       mxCreateDoubleMatrix_700   0000000180034a40 f   libmx:libmx.dll
 0001:00033a46       mxFree                     0000000180034a46 f   libmx:libmx.dll
 0001:00033a4c       mxArrayToString            0000000180034a4c f   libmx:libmx.dll
 0001:00033a52       mxCreateCellMatrix_700     0000000180034a52 f   libmx:libmx.dll
 0001:00033a58       mxSetCell_700              0000000180034a58 f   libmx:libmx.dll
 0001:00033a5e       mxGetCell_700              0000000180034a5e f   libmx:libmx.dll
 0001:00033a64       mxGetClassName             0000000180034a64 f   libmx:libmx.dll
 0001:00033a6a       mxSetField_700             0000000180034a6a f   libmx:libmx.dll
 0001:00033a70       mxAddField                 0000000180034a70 f   libmx:libmx.dll
 0001:00033a76       mxGetField_700             0000000180034a76 f   libmx:libmx.dll
 0001:00033a7c       mxGetNumberOfElements      0000000180034a7c f   libmx:libmx.dll
 0001:00033a82       mxIsStruct                 0000000180034a82 f   libmx:libmx.dll
 0001:00033a88       mxIsClass                  0000000180034a88 f   libmx:libmx.dll
 0001:00033a8e       mxGetLogicals              0000000180034a8e f   libmx:libmx.dll
 0001:00033a94       mxIsSparse                 0000000180034a94 f   libmx:libmx.dll
 0001:00033a9a       mxSetFieldByNumber_700     0000000180034a9a f   libmx:libmx.dll
 0001:00033aa0       mxGetFieldByNumber_700     0000000180034aa0 f   libmx:libmx.dll
 0001:00033aa6       mxGetFieldNameByNumber     0000000180034aa6 f   libmx:libmx.dll
 0001:00033aac       mxGetNumberOfFields        0000000180034aac f   libmx:libmx.dll
 0001:00033ab2       mxCreateStructMatrix_700   0000000180034ab2 f   libmx:libmx.dll
 0001:00033ab8       mxGetFieldNumber           0000000180034ab8 f   libmx:libmx.dll
 0001:00033abe       mxIsNaN                    0000000180034abe f   libmx:libmx.dll
 0001:00033ac4       mxIsEmpty                  0000000180034ac4 f   libmx:libmx.dll
 0001:00033aca       mxGetData                  0000000180034aca f   libmx:libmx.dll
 0001:00033ad0       mxGetImagData              0000000180034ad0 f   libmx:libmx.dll
 0001:00033ad6       mxArrayClassIDName         0000000180034ad6 f   libmx:libmx.dll
 0001:00033adc       mxCreateNumericMatrix_700  0000000180034adc f   libmx:libmx.dll
 0001:00033ae2       mxCreateStructArray_700    0000000180034ae2 f   libmx:libmx.dll
 0001:00033ae8       mxCalcSingleSubscript_700  0000000180034ae8 f   libmx:libmx.dll
 0001:00033aee       mxGetDimensions_700        0000000180034aee f   libmx:libmx.dll
 0001:00033af4       mxGetNumberOfDimensions_700 0000000180034af4 f   libmx:libmx.dll
 0001:00033afa       mxCreateNumericArray_700   0000000180034afa f   libmx:libmx.dll
 0001:00033b00       mxGetElementSize           0000000180034b00 f   libmx:libmx.dll
 0001:00033b06       mxCreateStringFromNChars_700 0000000180034b06 f   libmx:libmx.dll
 0001:00033b0c       mxGetString_700            0000000180034b0c f   libmx:libmx.dll
 0001:00033b12       mxIsLogicalScalarTrue      0000000180034b12 f   libmx:libmx.dll
 0001:00033b18       mxCreateLogicalScalar      0000000180034b18 f   libmx:libmx.dll
 0001:00033b1e       mexUnlock                  0000000180034b1e f   libmex:libmex.dll
 0001:00033b24       mexIsLocked                0000000180034b24 f   libmex:libmex.dll
 0001:00033b2a       mexWarnMsgTxt              0000000180034b2a f   libmex:libmex.dll
 0001:00033b30       mexCallMATLAB              0000000180034b30 f   libmex:libmex.dll
 0001:00033b36       mexErrMsgTxt               0000000180034b36 f   libmex:libmex.dll
 0001:00033b3c       mexSetTrapFlag             0000000180034b3c f   libmex:libmex.dll
 0001:00033b42       mexMakeArrayPersistent     0000000180034b42 f   libmex:libmex.dll
 0001:00033b48       mexPutVariable             0000000180034b48 f   libmex:libmex.dll
 0001:00033b4e       mexGetVariable             0000000180034b4e f   libmex:libmex.dll
 0001:00033b54       mexLock                    0000000180034b54 f   libmex:libmex.dll
 0001:00033b5a       mexMakeMemoryPersistent    0000000180034b5a f   libmex:libmex.dll
 0001:00033b60       mexFunctionName            0000000180034b60 f   libmex:libmex.dll
 0001:00033b66       ssRegisterDataTypeFxpFSlopeFixExpBias 0000000180034b66 f   libfixedpoint:libfixedpoint.dll
 0001:00033b6c       utVSNprintf                0000000180034b6c f   libut:libut.dll
 0001:00033b72       utCPUtime                  0000000180034b72 f   libut:libut.dll
 0001:00033b78       utFree                     0000000180034b78 f   libut:libut.dll
 0001:00033b7e       utMalloc                   0000000180034b7e f   libut:libut.dll
 0001:00033b84       emlrtCheckBuiltInCtxR2011a 0000000180034b84 f   libemlrt:libemlrt.dll
 0001:00033b8a       emlrtCheckVsBuiltInCtxR2011a 0000000180034b8a f   libemlrt:libemlrt.dll
 0001:00033b90       emlrtCheckEnumR2009a       0000000180034b90 f   libemlrt:libemlrt.dll
 0001:00033b96       emlrtCreateEnumR2010a      0000000180034b96 f   libemlrt:libemlrt.dll
 0001:00033b9c       emlrtGetEnumElementR2009a  0000000180034b9c f   libemlrt:libemlrt.dll
 0001:00033ba2       emlrtCreateReference       0000000180034ba2 f   libemlrt:libemlrt.dll
 0001:00033ba8       emlrtImportVsFiArrayR2009b 0000000180034ba8 f   libemlrt:libemlrt.dll
 0001:00033bae       emlrtExtractMessageId      0000000180034bae f   libemlrt:libemlrt.dll
 0001:00033bb4       emlrtTranslateMessageIDtoLCPstring 0000000180034bb4 f   libemlrt:libemlrt.dll
 0001:00033bba       emlrtGetEnumUnderlyingArrayR2009a 0000000180034bba f   libemlrt:libemlrt.dll
 0001:00033bc0       emlrtIsEnumR2009a          0000000180034bc0 f   libemlrt:libemlrt.dll
 0001:00033bc6       memset                     0000000180034bc6 f   MSVCRT:MSVCR100.dll
 0001:00033bcc       malloc                     0000000180034bcc f   MSVCRT:MSVCR100.dll
 0001:00033bd4       __GSHandlerCheckCommon     0000000180034bd4 f   MSVCRT:gshandler.obj
 0001:00033c38       __GSHandlerCheck           0000000180034c38 f   MSVCRT:gshandler.obj
 0001:00033c70       __security_check_cookie    0000000180034c70 f   MSVCRT:amdsecgs.obj
 0001:00033c90       free                       0000000180034c90 f   MSVCRT:MSVCR100.dll
 0001:00033c96       strcmp                     0000000180034c96 f   MSVCRT:MSVCR100.dll
 0001:00033c9c       sprintf                    0000000180034c9c f   MSVCRT:MSVCR100.dll
 0001:00033ca2       strlen                     0000000180034ca2 f   MSVCRT:MSVCR100.dll
 0001:00033ca8       strcat                     0000000180034ca8 f   MSVCRT:MSVCR100.dll
 0001:00033cae       memcpy                     0000000180034cae f   MSVCRT:MSVCR100.dll
 0001:00033cb4       NtCurrentTeb               0000000180034cb4 f i MSVCRT:crtdll.obj
 0001:00033d20       _CRT_INIT                  0000000180034d20 f   MSVCRT:crtdll.obj
 0001:000340b8       _DllMainCRTStartup         00000001800350b8 f   MSVCRT:crtdll.obj
 0001:000340f6       strncpy                    00000001800350f6 f   MSVCRT:MSVCR100.dll
 0001:00034110       __chkstk                   0000000180035110 f   MSVCRT:chkstk.obj
 0001:00034110       _alloca_probe              0000000180035110     MSVCRT:chkstk.obj
 0001:0003415e       longjmp                    000000018003515e f   MSVCRT:MSVCR100.dll
 0001:00034164       strncmp                    0000000180035164 f   MSVCRT:MSVCR100.dll
 0001:0003416a       ceil                       000000018003516a f   MSVCRT:MSVCR100.dll
 0001:00034170       strrchr                    0000000180035170 f   MSVCRT:MSVCR100.dll
 0001:00034176       _setjmp                    0000000180035176 f   MSVCRT:MSVCR100.dll
 0001:0003417c       calloc                     000000018003517c f   MSVCRT:MSVCR100.dll
 0001:00034182       realloc                    0000000180035182 f   MSVCRT:MSVCR100.dll
 0001:00034188       ldexp                      0000000180035188 f   MSVCRT:MSVCR100.dll
 0001:00034190       __report_gsfailure         0000000180035190 f   MSVCRT:gs_report.obj
 0001:000342dc       __clean_type_info_names    00000001800352dc f   MSVCRT:tncleanup.obj
 0001:000342e8       _onexit                    00000001800352e8 f   MSVCRT:atonexit.obj
 0001:00034398       atexit                     0000000180035398 f   MSVCRT:atonexit.obj
 0001:000343b0       _RTC_Initialize            00000001800353b0 f   MSVCRT:_initsect_.obj
 0001:000343e8       _RTC_Terminate             00000001800353e8 f   MSVCRT:_initsect_.obj
 0001:00034420       _malloc_crt                0000000180035420 f   MSVCRT:MSVCR100.dll
 0001:00034430       _ValidateImageBase         0000000180035430 f   MSVCRT:pesect.obj
 0001:00034460       _FindPESection             0000000180035460 f   MSVCRT:pesect.obj
 0001:000344b0       _IsNonwritableInCurrentImage 00000001800354b0 f   MSVCRT:pesect.obj
 0001:000344f2       _initterm                  00000001800354f2 f   MSVCRT:MSVCR100.dll
 0001:000344f8       _initterm_e                00000001800354f8 f   MSVCRT:MSVCR100.dll
 0001:000344fe       _encoded_null              00000001800354fe f   MSVCRT:MSVCR100.dll
 0001:00034504       _amsg_exit                 0000000180035504 f   MSVCRT:MSVCR100.dll
 0001:0003450a       __C_specific_handler       000000018003550a f   MSVCRT:MSVCR100.dll
 0001:00034510       __CppXcptFilter            0000000180035510 f   MSVCRT:MSVCR100.dll
 0001:00034518       DllMain                    0000000180035518 f   MSVCRT:dllmain.obj
 0001:0003453c       __security_init_cookie     000000018003553c f   MSVCRT:gs_support.obj
 0001:000345f0       __crt_debugger_hook        00000001800355f0 f   MSVCRT:MSVCR100.dll
 0001:000345f6       __clean_type_info_names_internal 00000001800355f6 f   MSVCRT:MSVCR100.dll
 0001:000345fc       _unlock                    00000001800355fc f   MSVCRT:MSVCR100.dll
 0001:00034602       __dllonexit                0000000180035602 f   MSVCRT:MSVCR100.dll
 0001:00034608       _lock                      0000000180035608 f   MSVCRT:MSVCR100.dll
 0001:0003460e       EncodePointer              000000018003560e f   kernel32:KERNEL32.dll
 0001:00034614       DecodePointer              0000000180035614 f   kernel32:KERNEL32.dll
 0001:0003461a       Sleep                      000000018003561a f   kernel32:KERNEL32.dll
 0001:00034620       TerminateProcess           0000000180035620 f   kernel32:KERNEL32.dll
 0001:00034626       GetCurrentProcess          0000000180035626 f   kernel32:KERNEL32.dll
 0001:0003462c       UnhandledExceptionFilter   000000018003562c f   kernel32:KERNEL32.dll
 0001:00034632       SetUnhandledExceptionFilter 0000000180035632 f   kernel32:KERNEL32.dll
 0001:00034638       IsDebuggerPresent          0000000180035638 f   kernel32:KERNEL32.dll
 0001:0003463e       RtlVirtualUnwind           000000018003563e f   kernel32:KERNEL32.dll
 0001:00034644       RtlLookupFunctionEntry     0000000180035644 f   kernel32:KERNEL32.dll
 0001:0003464a       RtlCaptureContext          000000018003564a f   kernel32:KERNEL32.dll
 0001:00034650       DisableThreadLibraryCalls  0000000180035650 f   kernel32:KERNEL32.dll
 0001:00034656       QueryPerformanceCounter    0000000180035656 f   kernel32:KERNEL32.dll
 0001:0003465c       GetTickCount               000000018003565c f   kernel32:KERNEL32.dll
 0001:00034662       GetCurrentThreadId         0000000180035662 f   kernel32:KERNEL32.dll
 0001:00034668       GetCurrentProcessId        0000000180035668 f   kernel32:KERNEL32.dll
 0001:0003466e       GetSystemTimeAsFileTime    000000018003566e f   kernel32:KERNEL32.dll
 0002:00000000       __imp_GetSystemTimeAsFileTime 0000000180036000     kernel32:KERNEL32.dll
 0002:00000008       __imp_GetCurrentProcessId  0000000180036008     kernel32:KERNEL32.dll
 0002:00000010       __imp_GetCurrentThreadId   0000000180036010     kernel32:KERNEL32.dll
 0002:00000018       __imp_GetTickCount         0000000180036018     kernel32:KERNEL32.dll
 0002:00000020       __imp_QueryPerformanceCounter 0000000180036020     kernel32:KERNEL32.dll
 0002:00000028       __imp_DisableThreadLibraryCalls 0000000180036028     kernel32:KERNEL32.dll
 0002:00000030       __imp_RtlCaptureContext    0000000180036030     kernel32:KERNEL32.dll
 0002:00000038       __imp_RtlLookupFunctionEntry 0000000180036038     kernel32:KERNEL32.dll
 0002:00000040       __imp_RtlVirtualUnwind     0000000180036040     kernel32:KERNEL32.dll
 0002:00000048       __imp_IsDebuggerPresent    0000000180036048     kernel32:KERNEL32.dll
 0002:00000050       __imp_SetUnhandledExceptionFilter 0000000180036050     kernel32:KERNEL32.dll
 0002:00000058       __imp_UnhandledExceptionFilter 0000000180036058     kernel32:KERNEL32.dll
 0002:00000060       __imp_GetCurrentProcess    0000000180036060     kernel32:KERNEL32.dll
 0002:00000068       __imp_TerminateProcess     0000000180036068     kernel32:KERNEL32.dll
 0002:00000070       __imp_Sleep                0000000180036070     kernel32:KERNEL32.dll
 0002:00000078       __imp_DecodePointer        0000000180036078     kernel32:KERNEL32.dll
 0002:00000080       __imp_EncodePointer        0000000180036080     kernel32:KERNEL32.dll
 0002:00000088       \177KERNEL32_NULL_THUNK_DATA 0000000180036088     kernel32:KERNEL32.dll
 0002:00000090       __imp__onexit              0000000180036090     MSVCRT:MSVCR100.dll
 0002:00000098       __imp__lock                0000000180036098     MSVCRT:MSVCR100.dll
 0002:000000a0       __imp___dllonexit          00000001800360a0     MSVCRT:MSVCR100.dll
 0002:000000a8       __imp__unlock              00000001800360a8     MSVCRT:MSVCR100.dll
 0002:000000b0       __imp___clean_type_info_names_internal 00000001800360b0     MSVCRT:MSVCR100.dll
 0002:000000b8       __imp___crt_debugger_hook  00000001800360b8     MSVCRT:MSVCR100.dll
 0002:000000c0       __imp___CppXcptFilter      00000001800360c0     MSVCRT:MSVCR100.dll
 0002:000000c8       __imp___C_specific_handler 00000001800360c8     MSVCRT:MSVCR100.dll
 0002:000000d0       __imp__amsg_exit           00000001800360d0     MSVCRT:MSVCR100.dll
 0002:000000d8       __imp__encoded_null        00000001800360d8     MSVCRT:MSVCR100.dll
 0002:000000e0       __imp__initterm_e          00000001800360e0     MSVCRT:MSVCR100.dll
 0002:000000e8       __imp__initterm            00000001800360e8     MSVCRT:MSVCR100.dll
 0002:000000f0       __imp__malloc_crt          00000001800360f0     MSVCRT:MSVCR100.dll
 0002:000000f8       __imp_ldexp                00000001800360f8     MSVCRT:MSVCR100.dll
 0002:00000100       __imp_realloc              0000000180036100     MSVCRT:MSVCR100.dll
 0002:00000108       __imp_calloc               0000000180036108     MSVCRT:MSVCR100.dll
 0002:00000110       __imp__setjmp              0000000180036110     MSVCRT:MSVCR100.dll
 0002:00000118       __imp_strrchr              0000000180036118     MSVCRT:MSVCR100.dll
 0002:00000120       __imp_ceil                 0000000180036120     MSVCRT:MSVCR100.dll
 0002:00000128       __imp_strncmp              0000000180036128     MSVCRT:MSVCR100.dll
 0002:00000130       __imp_longjmp              0000000180036130     MSVCRT:MSVCR100.dll
 0002:00000138       __imp_strncpy              0000000180036138     MSVCRT:MSVCR100.dll
 0002:00000140       __imp_memcpy               0000000180036140     MSVCRT:MSVCR100.dll
 0002:00000148       __imp_strcat               0000000180036148     MSVCRT:MSVCR100.dll
 0002:00000150       __imp_strlen               0000000180036150     MSVCRT:MSVCR100.dll
 0002:00000158       __imp_sprintf              0000000180036158     MSVCRT:MSVCR100.dll
 0002:00000160       __imp_strcmp               0000000180036160     MSVCRT:MSVCR100.dll
 0002:00000168       __imp_free                 0000000180036168     MSVCRT:MSVCR100.dll
 0002:00000170       __imp_malloc               0000000180036170     MSVCRT:MSVCR100.dll
 0002:00000178       __imp_memset               0000000180036178     MSVCRT:MSVCR100.dll
 0002:00000180       \177MSVCR100_NULL_THUNK_DATA 0000000180036180     MSVCRT:MSVCR100.dll
 0002:00000188       __imp_emlrtIsEnumR2009a    0000000180036188     libemlrt:libemlrt.dll
 0002:00000190       __imp_emlrtGetEnumUnderlyingArrayR2009a 0000000180036190     libemlrt:libemlrt.dll
 0002:00000198       __imp_emlrtTranslateMessageIDtoLCPstring 0000000180036198     libemlrt:libemlrt.dll
 0002:000001a0       __imp_emlrtExtractMessageId 00000001800361a0     libemlrt:libemlrt.dll
 0002:000001a8       __imp_emlrtImportVsFiArrayR2009b 00000001800361a8     libemlrt:libemlrt.dll
 0002:000001b0       __imp_emlrtCreateReference 00000001800361b0     libemlrt:libemlrt.dll
 0002:000001b8       __imp_emlrtCheckVsBuiltInCtxR2011a 00000001800361b8     libemlrt:libemlrt.dll
 0002:000001c0       __imp_emlrtCheckEnumR2009a 00000001800361c0     libemlrt:libemlrt.dll
 0002:000001c8       __imp_emlrtCreateEnumR2010a 00000001800361c8     libemlrt:libemlrt.dll
 0002:000001d0       __imp_emlrtGetEnumElementR2009a 00000001800361d0     libemlrt:libemlrt.dll
 0002:000001d8       __imp_emlrtCheckBuiltInCtxR2011a 00000001800361d8     libemlrt:libemlrt.dll
 0002:000001e0       \177libemlrt_NULL_THUNK_DATA 00000001800361e0     libemlrt:libemlrt.dll
 0002:000001e8       __imp_ssRegisterDataTypeFxpFSlopeFixExpBias 00000001800361e8     libfixedpoint:libfixedpoint.dll
 0002:000001f0       \177libfixedpoint_NULL_THUNK_DATA 00000001800361f0     libfixedpoint:libfixedpoint.dll
 0002:000001f8       __imp_mexGetVariable       00000001800361f8     libmex:libmex.dll
 0002:00000200       __imp_mexErrMsgTxt         0000000180036200     libmex:libmex.dll
 0002:00000208       __imp_mexMakeMemoryPersistent 0000000180036208     libmex:libmex.dll
 0002:00000210       __imp_mexFunctionName      0000000180036210     libmex:libmex.dll
 0002:00000218       __imp_mexLock              0000000180036218     libmex:libmex.dll
 0002:00000220       __imp_mexPutVariable       0000000180036220     libmex:libmex.dll
 0002:00000228       __imp_mexSetTrapFlag       0000000180036228     libmex:libmex.dll
 0002:00000230       __imp_mexCallMATLAB        0000000180036230     libmex:libmex.dll
 0002:00000238       __imp_mexWarnMsgTxt        0000000180036238     libmex:libmex.dll
 0002:00000240       __imp_mexIsLocked          0000000180036240     libmex:libmex.dll
 0002:00000248       __imp_mexUnlock            0000000180036248     libmex:libmex.dll
 0002:00000250       __imp_mexMakeArrayPersistent 0000000180036250     libmex:libmex.dll
 0002:00000258       \177libmex_NULL_THUNK_DATA 0000000180036258     libmex:libmex.dll
 0002:00000260       __imp_mxIsClass            0000000180036260     libmx:libmx.dll
 0002:00000268       __imp_mxCreateDoubleScalar 0000000180036268     libmx:libmx.dll
 0002:00000270       __imp_mxSetField_730       0000000180036270     libmx:libmx.dll
 0002:00000278       __imp_mxCreateDoubleMatrix_730 0000000180036278     libmx:libmx.dll
 0002:00000280       __imp_mxCreateStructMatrix_730 0000000180036280     libmx:libmx.dll
 0002:00000288       __imp_mxCreateLogicalScalar 0000000180036288     libmx:libmx.dll
 0002:00000290       __imp_mxIsLogicalScalarTrue 0000000180036290     libmx:libmx.dll
 0002:00000298       __imp_mxGetString_700      0000000180036298     libmx:libmx.dll
 0002:000002a0       __imp_mxCreateStringFromNChars_700 00000001800362a0     libmx:libmx.dll
 0002:000002a8       __imp_mxGetElementSize     00000001800362a8     libmx:libmx.dll
 0002:000002b0       __imp_mxCreateNumericArray_700 00000001800362b0     libmx:libmx.dll
 0002:000002b8       __imp_mxGetNumberOfDimensions_700 00000001800362b8     libmx:libmx.dll
 0002:000002c0       __imp_mxGetDimensions_700  00000001800362c0     libmx:libmx.dll
 0002:000002c8       __imp_mxCalcSingleSubscript_700 00000001800362c8     libmx:libmx.dll
 0002:000002d0       __imp_mxCreateStructArray_700 00000001800362d0     libmx:libmx.dll
 0002:000002d8       __imp_mxCreateNumericMatrix_700 00000001800362d8     libmx:libmx.dll
 0002:000002e0       __imp_mxArrayClassIDName   00000001800362e0     libmx:libmx.dll
 0002:000002e8       __imp_mxGetImagData        00000001800362e8     libmx:libmx.dll
 0002:000002f0       __imp_mxGetData            00000001800362f0     libmx:libmx.dll
 0002:000002f8       __imp_mxIsEmpty            00000001800362f8     libmx:libmx.dll
 0002:00000300       __imp_mxIsNaN              0000000180036300     libmx:libmx.dll
 0002:00000308       __imp_mxGetFieldNumber     0000000180036308     libmx:libmx.dll
 0002:00000310       __imp_mxCreateStructMatrix_700 0000000180036310     libmx:libmx.dll
 0002:00000318       __imp_mxGetNumberOfFields  0000000180036318     libmx:libmx.dll
 0002:00000320       __imp_mxGetFieldNameByNumber 0000000180036320     libmx:libmx.dll
 0002:00000328       __imp_mxGetFieldByNumber_700 0000000180036328     libmx:libmx.dll
 0002:00000330       __imp_mxSetFieldByNumber_700 0000000180036330     libmx:libmx.dll
 0002:00000338       __imp_mxIsSparse           0000000180036338     libmx:libmx.dll
 0002:00000340       __imp_mxGetLogicals        0000000180036340     libmx:libmx.dll
 0002:00000348       __imp_mxGetPr              0000000180036348     libmx:libmx.dll
 0002:00000350       __imp_mxIsStruct           0000000180036350     libmx:libmx.dll
 0002:00000358       __imp_mxGetNumberOfElements 0000000180036358     libmx:libmx.dll
 0002:00000360       __imp_mxGetField_700       0000000180036360     libmx:libmx.dll
 0002:00000368       __imp_mxAddField           0000000180036368     libmx:libmx.dll
 0002:00000370       __imp_mxSetField_700       0000000180036370     libmx:libmx.dll
 0002:00000378       __imp_mxGetClassName       0000000180036378     libmx:libmx.dll
 0002:00000380       __imp_mxGetCell_700        0000000180036380     libmx:libmx.dll
 0002:00000388       __imp_mxSetCell_700        0000000180036388     libmx:libmx.dll
 0002:00000390       __imp_mxCreateCellMatrix_700 0000000180036390     libmx:libmx.dll
 0002:00000398       __imp_mxArrayToString      0000000180036398     libmx:libmx.dll
 0002:000003a0       __imp_mxFree               00000001800363a0     libmx:libmx.dll
 0002:000003a8       __imp_mxCreateDoubleMatrix_700 00000001800363a8     libmx:libmx.dll
 0002:000003b0       __imp_mxIsLogical          00000001800363b0     libmx:libmx.dll
 0002:000003b8       __imp_mxGetScalar          00000001800363b8     libmx:libmx.dll
 0002:000003c0       __imp_mxCalloc             00000001800363c0     libmx:libmx.dll
 0002:000003c8       __imp_mxGetM               00000001800363c8     libmx:libmx.dll
 0002:000003d0       __imp_mxGetN               00000001800363d0     libmx:libmx.dll
 0002:000003d8       __imp_mxIsComplex          00000001800363d8     libmx:libmx.dll
 0002:000003e0       __imp_mxIsNumeric          00000001800363e0     libmx:libmx.dll
[...]
 0001:0000be20       _ml_generic_castability_check 000000018000ce20 f   sfc_mex:sfc_mex.obj
 0001:0000cb80       ml_generic_castability_check 000000018000db80 f   sfc_mex:sfc_mex.obj
 0001:0000cc20       ml_check_mx_array_for_single_castability 000000018000dc20 f   sfc_mex:sfc_mex.obj
 0001:0000ccc0       ml_check_mx_array_for_logical_castability 000000018000dcc0 f   sfc_mex:sfc_mex.obj
 0001:0000cd60       ml_check_mx_array_for_int8_castability 000000018000dd60 f   sfc_mex:sfc_mex.obj
 0001:0000ce10       ml_check_mx_array_for_uint8_castability 000000018000de10 f   sfc_mex:sfc_mex.obj
 0001:0000ce70       ml_check_mx_array_for_int16_castability 000000018000de70 f   sfc_mex:sfc_mex.obj
 0001:0000ced0       ml_check_mx_array_for_uint16_castability 000000018000ded0 f   sfc_mex:sfc_mex.obj
 0001:0000cf30       ml_check_mx_array_for_int32_castability 000000018000df30 f   sfc_mex:sfc_mex.obj
 0001:0000cf90       ml_check_mx_array_for_uint32_castability 000000018000df90 f   sfc_mex:sfc_mex.obj
 0001:0000cff0       ml_check_mx_array_for_castability 000000018000dff0 f   sfc_mex:sfc_mex.obj
 0001:0000d920       set_data_value             000000018000e920 f   sfc_mex:sfc_mex.obj
 0001:0000dc90       get_data_value             000000018000ec90 f   sfc_mex:sfc_mex.obj
 0001:0000dda0       get_next_element_address   000000018000eda0 f   sfc_mex:sfc_mex.obj
 0001:0000de70       sf_normalize_index         000000018000ee70 f   sfc_mex:sfc_mex.obj
 0001:0000e200       ml_array_index_bound_check 000000018000f200 f   sfc_mex:sfc_mex.obj
 0001:0000ed20       mx_value                   000000018000fd20 f   sfc_mex:sfc_mex.obj
 0001:0000ed70       sf_create_numeric_array    000000018000fd70 f   sfc_mex:sfc_mex.obj
 0001:0000ee10       sf_mex_assign_to_mx_array  000000018000fe10 f   sfc_mex:sfc_mex.obj
 0001:0000f160       assign_from_mx_array       0000000180010160 f   sfc_mex:sfc_mex.obj
 0001:0000f990       sf_mex_import_v            0000000180010990 f   sfc_mex:sfc_mex.obj
 0001:0000ff60       get_machine_and_chart_file_number 0000000180010f60 f   sfc_mex:sfc_sf.obj
 0001:00010050       get_sfun_block_specialization 0000000180011050 f   sfc_mex:sfc_sf.obj
 0001:000100d0       call_sf_machine_global_method_dispatcher 00000001800110d0 f   sfc_mex:sfc_sf.obj
 0001:00010300       mdl_zeroCrossings_processing 0000000180011300 f   sfc_mex:sfc_sf.obj
 0001:000103d0       mdl_derivatives_processing 00000001800113d0 f   sfc_mex:sfc_sf.obj
 0001:00010690       mdl_outputs_continuous_legacy 0000000180011690 f   sfc_mex:sfc_sf.obj
 0001:00010710       mdl_outputs_processing     0000000180011710 f   sfc_mex:sfc_sf.obj
 0001:00010940       mdl_enable_processing      0000000180011940 f   sfc_mex:sfc_sf.obj
 0001:00010a10       mdl_disable_processing     0000000180011a10 f   sfc_mex:sfc_sf.obj
 0001:00011360       write_symbol_mapping       0000000180012360 f   sfc_mex:sfc_sf.obj
 0001:00011a80       sf_call_output_fcn_enable_disable 0000000180012a80 f   sfc_mex:sfc_sf.obj
 0001:00011d00       set_dwork_information_from_mx_array 0000000180012d00 f   sfc_mex:sfc_sf.obj
 0001:000125f0       ptr2mxStruct               00000001800135f0 f   sfc_mex:sfc_sf.obj
 0001:00012900       SNPRINTF_WRAPPER           0000000180013900 f   sfc_debug:sfcdebug.obj
 0001:00012920       sf_debug_chart_instance_initialized_quick 0000000180013920 f   sfc_debug:sfcdebug.obj
 0001:00012930       sf_debug_chart_instance_initialized 0000000180013930 f   sfc_debug:sfcdebug.obj
 0001:00012ad0       sfrtAddSize                0000000180013ad0 f   sfc_debug:sfcdebug.obj
 0001:00012b90       sfrtGenSizeString          0000000180013b90 f   sfc_debug:sfcdebug.obj
 0001:000132a0       sf_debug_sim_status_listener 00000001800142a0 f   sfc_debug:sfcdebug.obj
 0001:00013810       sf_debug_form_mask_bits    0000000180014810 f   sfc_debug:sfcdebug.obj
 0001:00013850       sf_debug_form_sf_data_type_offsets 0000000180014850 f   sfc_debug:sfcdebug.obj
 0001:00013910       sf_debug_free_all          0000000180014910 f   sfc_debug:sfcdebug.obj
 0001:00013a90       sf_debug_append_debugger_context 0000000180014a90 f   sfc_debug:sfcdebug.obj
 0001:00013d50       local_strdup               0000000180014d50 f   sfc_debug:sfcdebug.obj
 0001:00014c30       sf_debug_em_terminate      0000000180015c30 f   sfc_debug:sfcdebug.obj
 0001:00014c70       sf_debug_push_eml_function 0000000180015c70 f   sfc_debug:sfcdebug.obj
 0001:00014d10       sf_debug_pop_eml_function  0000000180015d10 f   sfc_debug:sfcdebug.obj
 0001:00015a10       sf_debug_get_machine_number_from_id_or_name 0000000180016a10 f   sfc_debug:sfcdebug.obj
 0001:00015b60       sf_debug_get_chart_number_from_id 0000000180016b60 f   sfc_debug:sfcdebug.obj
 0001:000167d0       sf_debug_transfer_control_to_debugger_GUI 00000001800177d0 f   sfc_debug:sfcdebug.obj
 0001:00017770       sf_debug_scripts_rehash    0000000180018770 f   sfc_debug:sfcdebug.obj
 0001:000179b0       sf_debug_get_script_line_count 00000001800189b0 f   sfc_debug:sfcdebug.obj
 0001:000180c0       cv_eml_state_cvId          00000001800190c0 f   sfc_debug:sfcdebug.obj
 0001:000192e0       sf_debug_data_array_bounds_error 000000018001a2e0 f   sfc_debug:sfcdebug.obj
 0001:00019710       eml_debug_runtime_error_doclink 000000018001a710 f   sfc_debug:sfcdebug.obj
 0001:00019890       sf_debug_runtime_error     000000018001a890 f   sfc_debug:sfcdebug.obj
 0001:00019900       sf_debug_matlab_error      000000018001a900 f   sfc_debug:sfcdebug.obj
 0001:0001a1b0       sf_debug_data_value_error  000000018001b1b0 f   sfc_debug:sfcdebug.obj
 0001:0001aab0       sf_debug_data_loss_error   000000018001bab0 f   sfc_debug:sfcdebug.obj
 0001:0001b710       call_cv_range_check        000000018001c710 f   sfc_debug:sfcdebug.obj
 0001:0001bee0       sf_debug_invoke_cycle_detection_code 000000018001cee0 f   sfc_debug:sfcdebug.obj
 0001:0001cd50       sf_reset_debug_info_struct 000000018001dd50 f   sfc_debug:sfcdebug.obj
 0001:0001d640       cv_script_cvId             000000018001e640 f   sfc_debug:sfcdebug.obj
 0001:0001e430       sfc_api_chart_visible      000000018001f430 f   sfc_debug:sfc_api.obj
 0001:0001e4b0       sfc_api_active_instance    000000018001f4b0 f   sfc_debug:sfc_api.obj
 0001:0001e530       sfc_api_machine_load       000000018001f530 f   sfc_debug:sfc_api.obj
 0001:0001e600       sfc_api_debugger_alive     000000018001f600 f   sfc_debug:sfc_api.obj
 0001:0001e610       sfc_api_go                 000000018001f610 f   sfc_debug:sfc_api.obj
 0001:0001e620       sfc_api_step_over          000000018001f620 f   sfc_debug:sfc_api.obj
 0001:0001e630       sfc_api_step_out           000000018001f630 f   sfc_debug:sfc_api.obj
 0001:0001e640       sfc_api_resume             000000018001f640 f   sfc_debug:sfc_api.obj
 0001:0001e650       sfc_api_break              000000018001f650 f   sfc_debug:sfc_api.obj
 0001:0001e660       sfc_api_stop_debugging     000000018001f660 f   sfc_debug:sfc_api.obj
 0001:0001e6b0       sfc_api_is_cycle_detected  000000018001f6b0 f   sfc_debug:sfc_api.obj
 0001:0001e700       sfc_api_is_array_bounds_detected 000000018001f700 f   sfc_debug:sfc_api.obj
 0001:0001e750       sfc_api_set_disable_all_breakpoints 000000018001f750 f   sfc_debug:sfc_api.obj
 0001:0001e7c0       sfc_api_disable_all_breakpoints_and_go 000000018001f7c0 f   sfc_debug:sfc_api.obj
 0001:0001e7d0       sfc_api_close              000000018001f7d0 f   sfc_debug:sfc_api.obj
 0001:0001e7e0       sfc_api_browse_data        000000018001f7e0 f   sfc_debug:sfc_api.obj
 0001:0001e850       sfc_api_watch_data         000000018001f850 f   sfc_debug:sfc_api.obj
 0001:0001e8f0       sfc_api_assign_data        000000018001f8f0 f   sfc_debug:sfc_api.obj
 0001:0001e990       sfc_api_whos               000000018001f990 f   sfc_debug:sfc_api.obj
 0001:0001ea20       sfc_api_get_consistency_info 000000018001fa20 f   sfc_debug:sfc_api.obj
 0001:0001ea30       sfc_api_browse_trace       000000018001fa30 f   sfc_debug:sfc_api.obj
 0001:0001ea40       sfc_api_break_on_chart_entry 000000018001fa40 f   sfc_debug:sfc_api.obj
 0001:0001ea60       sfc_api_break_on_event_broadcast 000000018001fa60 f   sfc_debug:sfc_api.obj
 0001:0001ea80       sfc_api_break_on_state_entry 000000018001fa80 f   sfc_debug:sfc_api.obj
 0001:0001eaa0       sfc_api_set_watch          000000018001faa0 f   sfc_debug:sfc_api.obj
 0001:0001eb40       sfc_api_set_breakpoints    000000018001fb40 f   sfc_debug:sfc_api.obj
 0001:0001ebe0       sfc_api_set_eml_breakpoints 000000018001fbe0 f   sfc_debug:sfc_api.obj
 0001:0001ec60       sfc_api_set_script_breakpoints 000000018001fc60 f   sfc_debug:sfc_api.obj
 0001:0001ecb0       sfc_api_add_script_breakpoints 000000018001fcb0 f   sfc_debug:sfc_api.obj
 0001:0001ed00       sfc_api_clear_script_breakpoints 000000018001fd00 f   sfc_debug:sfc_api.obj
 0001:0001ed50       sfc_api_query_script_breakpoints 000000018001fd50 f   sfc_debug:sfc_api.obj
 0001:0001edb0       sfc_api_get_script_id      000000018001fdb0 f   sfc_debug:sfc_api.obj
 0001:0001ee70       sfc_api_get_active_states  000000018001fe70 f   sfc_debug:sfc_api.obj
 0001:0001eef0       sfc_api_break_between_times 000000018001fef0 f   sfc_debug:sfc_api.obj
 0001:0001ef50       sfc_api_get_instance_handle 000000018001ff50 f   sfc_debug:sfc_api.obj
 0001:0001f000       sfc_api_get_coverage       0000000180020000 f   sfc_debug:sfc_api.obj
 0001:0001f080       sfc_api_set_animation      0000000180020080 f   sfc_debug:sfc_api.obj
 0001:0001f0d0       sfc_api_select_chart       00000001800200d0 f   sfc_debug:sfc_api.obj
 0001:0001f130       sfc_api_select_charts      0000000180020130 f   sfc_debug:sfc_api.obj
 0001:0001f160       sfc_api_cycle_detection_check 0000000180020160 f   sfc_debug:sfc_api.obj
 0001:0001f1b0       sfc_api_data_range_check   00000001800201b0 f   sfc_debug:sfc_api.obj
 0001:0001f200       sfc_api_transition_conflict_check 0000000180020200 f   sfc_debug:sfc_api.obj
 0001:0001f250       sfc_api_state_consistency_check 0000000180020250 f   sfc_debug:sfc_api.obj
 0001:0001f2a0       sfc_api_set_instance_cv_ids 00000001800202a0 f   sfc_debug:sfc_api.obj
 0001:0001f3b0       sfc_api_set_script_cv_ids  00000001800203b0 f   sfc_debug:sfc_api.obj
 0001:0001f450       sfc_api_get_current_machine_id 0000000180020450 f   sfc_debug:sfc_api.obj
 0001:0001f480       sfc_api_get_current_machine_number 0000000180020480 f   sfc_debug:sfc_api.obj
 0001:0001f4b0       sfc_api_get_current_chart_number 00000001800204b0 f   sfc_debug:sfc_api.obj
 0001:0001f4e0       sfc_api_get_current_instance_number 00000001800204e0 f   sfc_debug:sfc_api.obj
 0001:0001f510       sfc_api_get_current_instance_handle 0000000180020510 f   sfc_debug:sfc_api.obj
 0001:0001f530       sfc_api_get_current_is_minor_time_step 0000000180020530 f   sfc_debug:sfc_api.obj
 0001:0001f560       sfc_api_get_current_machine_name 0000000180020560 f   sfc_debug:sfc_api.obj
 0001:0001f580       sfc_api_get_current_chart_id 0000000180020580 f   sfc_debug:sfc_api.obj
 0001:0001f5b0       sfc_api_get_current_object_type 00000001800205b0 f   sfc_debug:sfc_api.obj
 0001:0001f5e0       sfc_api_get_current_event_type 00000001800205e0 f   sfc_debug:sfc_api.obj
 0001:0001f610       sfc_api_get_current_object_id 0000000180020610 f   sfc_debug:sfc_api.obj
 0001:0001f640       sfc_get_current_active_event_type 0000000180020640 f   sfc_debug:sfc_api.obj
 0001:0001f670       sfc_api_get_current_active_event_id 0000000180020670 f   sfc_debug:sfc_api.obj
 0001:0001f6a0       sfc_api_get_current_simulation_time 00000001800206a0 f   sfc_debug:sfc_api.obj
 0001:0001f6c0       sfc_get_current_tag_type   00000001800206c0 f   sfc_debug:sfc_api.obj
 0001:0001f6f0       sfc_get_current_coverage_percentage 00000001800206f0 f   sfc_debug:sfc_api.obj
 0001:0001f710       sfc_get_current_statement_context 0000000180020710 f   sfc_debug:sfc_api.obj
 0001:0001f730       sfc_get_current_optional_integer 0000000180020730 f   sfc_debug:sfc_api.obj
 0001:0001f760       sfc_get_current_statement_info 0000000180020760 f   sfc_debug:sfc_api.obj
 0001:0001f800       sfc_api_get                0000000180020800 f   sfc_debug:sfc_api.obj
 0001:0001f960       sf_debug_sm_is_using_unified_editors 0000000180020960 f   sfc_debug:sfdb_animation.obj
 0001:0001fa00       sf_debug_sm_is_chart_visible_in_unified_editors 0000000180020a00 f   sfc_debug:sfdb_animation.obj
 0001:0001fac0       sf_debug_sm_check_if_chart_is_visible 0000000180020ac0 f   sfc_debug:sfdb_animation.obj
 0001:000205c0       sf_debug_sm_fill_state_activity_data 00000001800215c0 f   sfc_debug:sfdb_animation.obj
 0001:00022bb0       sf_debug_hm_get_simulink_handle 0000000180023bb0 f   sfc_debug:sfdb_handle_management.obj
 0001:00023700       sf_debug_hm_initialize_globals 0000000180024700 f   sfc_debug:sfdb_handle_management.obj
 0001:00023800       sf_debug_hm_get_machine_debug_flag 0000000180024800 f   sfc_debug:sfdb_handle_management.obj
 0001:00023970       sf_debug_hm_get_machine_id 0000000180024970 f   sfc_debug:sfdb_handle_management.obj
 0001:00023a90       sf_debug_hm_get_chart_id   0000000180024a90 f   sfc_debug:sfdb_handle_management.obj
 0001:00023c30       sf_debug_hm_register_executing_SFunction 0000000180024c30 f   sfc_debug:sfdb_handle_management.obj
 0001:00023dd0       sf_debug_hm_get_chart_active_instance 0000000180024dd0 f   sfc_debug:sfdb_handle_management.obj
 0001:00023f40       sf_debug_hm_get_chart_visibility 0000000180024f40 f   sfc_debug:sfdb_handle_management.obj
 0001:00024090       sf_debug_hm_form_object_boolean_properties 0000000180025090 f   sfc_debug:sfdb_handle_management.obj
 0001:00024360       sf_debug_hm_form_object_properties 0000000180025360 f   sfc_debug:sfdb_handle_management.obj
 0001:000245a0       sf_debug_hm_terminate_charts 00000001800255a0 f   sfc_debug:sfdb_handle_management.obj
 0001:00024d10       sf_debug_hm_terminate_machines 0000000180025d10 f   sfc_debug:sfdb_handle_management.obj
 0001:00026630       void_ptr_stack_vector_free_total 0000000180027630 f   sfc_debug:sfdb_data_browse.obj
 0001:000266c0       sf_debug_st_terminate_machine 00000001800276c0 f   sfc_debug:sfdb_data_browse.obj
 0001:00026700       sf_debug_st_terminate_instance 0000000180027700 f   sfc_debug:sfdb_data_browse.obj
 0001:00026ab0       push_on_to_void_ptr_stack  0000000180027ab0 f   sfc_debug:sfdb_data_browse.obj
 0001:00026c40       pop_from_void_ptr_stack    0000000180027c40 f   sfc_debug:sfdb_data_browse.obj
 0001:00026d70       sf_debug_st_get_data_value 0000000180027d70 f   sfc_debug:sfdb_data_browse.obj
 0001:00027300       mx_value                   0000000180028300 f   sfc_debug:sfdb_data_browse.obj
 0001:00027340       sf_debug_st_fill_data_struct 0000000180028340 f   sfc_debug:sfdb_data_browse.obj
 0001:00027680       data_type_format_strings   0000000180028680 f   sfc_debug:sfdb_data_browse.obj
 0001:00027730       sf_debug_st_fill_data      0000000180028730 f   sfc_debug:sfdb_data_browse.obj
 0001:00028970       sf_debug_ss_copy_dimension 0000000180029970 f   sfc_debug:sfdb_symbol_scope.obj
 0001:00028a30       sf_debug_ss_get_number_elements 0000000180029a30 f   sfc_debug:sfdb_symbol_scope.obj
 0001:00028a50       sf_debug_ss_fill_data_struct 0000000180029a50 f   sfc_debug:sfdb_symbol_scope.obj
 0001:00028da0       sf_debug_ss_reset_data_info 0000000180029da0 f   sfc_debug:sfdb_symbol_scope.obj
 0001:00028e00       sf_debug_fill_data_info_by_symbol_scope_entry 0000000180029e00 f   sfc_debug:sfdb_symbol_scope.obj
 0001:00028ec0       sf_debug_fill_data_info_by_data_vector 0000000180029ec0 f   sfc_debug:sfdb_symbol_scope.obj
 0001:00029110       sf_debug_ss_get_data_info  000000018002a110 f   sfc_debug:sfdb_symbol_scope.obj
 0001:00029400       sf_debug_select_mex_function 000000018002a400 f   sfc_debug:sfdb_symbol_scope.obj
 0001:00029430       sf_debug_is_dyn_matrix_initialized 000000018002a430 f   sfc_debug:sfdb_symbol_scope.obj
 0001:00029450       sf_debug_ss_set_data_value_try 000000018002a450 f   sfc_debug:sfdb_symbol_scope.obj
 0001:00029620       sf_debug_ss_get_data_value 000000018002a620 f   sfc_debug:sfdb_symbol_scope.obj
 0001:00029b70       sf_debug_ss_data_bytes_string 000000018002ab70 f   sfc_debug:sfdb_symbol_scope.obj
 0001:00029c20       sf_debug_ss_data_class_string 000000018002ac20 f   sfc_debug:sfdb_symbol_scope.obj
 0001:00029fb0       sf_debug_ss_data_size_string 000000018002afb0 f   sfc_debug:sfdb_symbol_scope.obj
 0001:0002a090       sf_debug_ss_data_create_data_info_struct 000000018002b090 f   sfc_debug:sfdb_symbol_scope.obj
 0001:0002a360       sf_debug_ss_data_create_name_value_pair 000000018002b360 f   sfc_debug:sfdb_symbol_scope.obj
 0001:0002a400       sf_debug_ss_data_get_whos_info 000000018002b400 f   sfc_debug:sfdb_symbol_scope.obj
 0001:0002a410       same_named_data_in_data_array 000000018002b410 f   sfc_debug:sfdb_symbol_scope.obj
 0001:0002bc80       sf_debug_cc_terminate_chart 000000018002cc80 f   sfc_debug:sfdb_coverage.obj
 0001:0002c020       sf_debug_cc_terminate_instance 000000018002d020 f   sfc_debug:sfdb_coverage.obj
 0001:0002cc10       sf_debug_cc_mark_object_if_needed 000000018002dc10 f   sfc_debug:sfdb_coverage.obj
 0001:0002cfd0       sf_debug_cc_fill_transition_coverage_data 000000018002dfd0 f   sfc_debug:sfdb_coverage.obj
 0001:0002d160       sf_debug_cc_fill_transition_coverage_map 000000018002e160 f   sfc_debug:sfdb_coverage.obj
 0001:0002d410       sf_debug_cc_fill_state_coverage_map 000000018002e410 f   sfc_debug:sfdb_coverage.obj
 0001:0002d660       sf_debug_cc_fill_state_coverage_data 000000018002e660 f   sfc_debug:sfdb_coverage.obj
 0001:0002e2a0       sf_debug_bm_initialize_eml 000000018002f2a0 f   sfc_debug:sfdb_breakpoints.obj
 0001:0002f410       sf_debug_bm_map_debug_tag_to_breakpoint_tag 0000000180030410 f   sfc_debug:sfdb_breakpoints.obj
 0001:0002f4f0       sf_debug_bm_is_a_eml_breakpoint_impl 00000001800304f0 f   sfc_debug:sfdb_breakpoints.obj
 0001:00030f70       sf_debug_sc_push_on_error_stack 0000000180031f70 f   sfc_debug:sfdb_state_consistency.obj
 0001:000310a0       sf_debug_sc_reset_error_stack 00000001800320a0 f   sfc_debug:sfdb_state_consistency.obj
 0001:00031230       sf_debug_sc_is_state_inconsistent 0000000180032230 f   sfc_debug:sfdb_state_consistency.obj
 0001:00031530       sf_debug_sc_fill_consistency_info 0000000180032530 f   sfc_debug:sfdb_state_consistency.obj
 0001:00031b10       void_assertion_fcn         0000000180032b10 f   sfc_debug:sfdb_call_stack.obj
 0001:00032090       sf_debug_tm_fill_local_trace 0000000180033090 f   sfc_debug:sfdb_call_stack.obj
 0001:00032660       sf_debug_cd_terminate_instance 0000000180033660 f   sfc_debug:sfdb_cycle_detection.obj
 0001:000326c0       sf_debug_cd_free_checksum_stack 00000001800336c0 f   sfc_debug:sfdb_cycle_detection.obj
 0001:00032710       sf_debug_cd_reset_pack_strings 0000000180033710 f   sfc_debug:sfdb_cycle_detection.obj
 0001:00032dd0       md5file_clear              0000000180033dd0 f   sfc_debug:ckmd5.obj
 0001:00032e00       Encode                     0000000180033e00 f   sfc_debug:ckmd5.obj
 0001:00032e50       Decode                     0000000180033e50 f   sfc_debug:ckmd5.obj
 0001:00032ef0       MD5Transform               0000000180033ef0 f   sfc_debug:ckmd5.obj
 0001:00033740       md5file_addn               0000000180034740 f   sfc_debug:ckmd5.obj
 0001:00033810       md5file_hash               0000000180034810 f   sfc_debug:ckmd5.obj
 0001:00033cc0       pre_c_init                 0000000180034cc0 f   MSVCRT:crtdll.obj
 0001:00033f7c       __DllMainCRTStartup        0000000180034f7c f   MSVCRT:crtdll.obj
 0001:00034680       __DllMainCRTStartup$filt$0 0000000180035680 f   MSVCRT:crtdll.obj
 0001:000346b0       __DllMainCRTStartup$fin$1  00000001800356b0 f   MSVCRT:crtdll.obj
 0001:000346ca       _onexit$fin$0              00000001800356ca f   MSVCRT:atonexit.obj
 0001:000346f0       _IsNonwritableInCurrentImage$filt$0 00000001800356f0 f   MSVCRT:pesect.obj
